
 Start         Length     Name                   Class
 0001:00000000 00137620H .text                   CODE
 0002:00000000 000057CCH .data                   DATA
 0002:000057CC 00006775H .bss                    BSS


Detailed map of segments

 0001:00000000 000060AF C=CODE     S=.text    G=(none)   M=System   ACBP=A9
 0001:000060B0 00000140 C=CODE     S=.text    G=(none)   M=SysInit  ACBP=A9
 0001:000061F0 000000BC C=CODE     S=.text    G=(none)   M=Types    ACBP=A9
 0001:000062AC 00000DA8 C=CODE     S=.text    G=(none)   M=Windows  ACBP=A9
 0001:00007054 00000040 C=CODE     S=.text    G=(none)   M=SHFolder ACBP=A9
 0001:00007094 00000038 C=CODE     S=.text    G=(none)   M=FastMM4Messages ACBP=A9
 0001:000070CC 0000454F C=CODE     S=.text    G=(none)   M=FastMM4  ACBP=A9
 0001:0000B61C 00000038 C=CODE     S=.text    G=(none)   M=Messages ACBP=A9
 0001:0000B654 00000390 C=CODE     S=.text    G=(none)   M=SysConst ACBP=A9
 0001:0000B9E4 00007374 C=CODE     S=.text    G=(none)   M=SysUtils ACBP=A9
 0001:00012D58 000009AF C=CODE     S=.text    G=(none)   M=VarUtils ACBP=A9
 0001:00013708 00009E78 C=CODE     S=.text    G=(none)   M=Variants ACBP=A9
 0001:0001D580 00000188 C=CODE     S=.text    G=(none)   M=RTLConsts ACBP=A9
 0001:0001D708 00001944 C=CODE     S=.text    G=(none)   M=TypInfo  ACBP=A9
 0001:0001F04C 00000110 C=CODE     S=.text    G=(none)   M=ActiveX  ACBP=A9
 0001:0001F15C 0000CF7A C=CODE     S=.text    G=(none)   M=Classes  ACBP=A9
 0001:0002C0D8 00000320 C=CODE     S=.text    G=(none)   M=Consts   ACBP=A9
 0001:0002C3F8 00009417 C=CODE     S=.text    G=(none)   M=Graphics ACBP=A9
 0001:00035810 0000006C C=CODE     S=.text    G=(none)   M=Math     ACBP=A9
 0001:0003587C 00000564 C=CODE     S=.text    G=(none)   M=Contnrs  ACBP=A9
 0001:00035DE0 0000067C C=CODE     S=.text    G=(none)   M=CommCtrl ACBP=A9
 0001:0003645C 00000787 C=CODE     S=.text    G=(none)   M=MultiMon ACBP=A9
 0001:00036BE4 00000038 C=CODE     S=.text    G=(none)   M=Imm      ACBP=A9
 0001:00036C1C 00001098 C=CODE     S=.text    G=(none)   M=HelpIntfs ACBP=A9
 0001:00037CB4 00000038 C=CODE     S=.text    G=(none)   M=WinSpool ACBP=A9
 0001:00037CEC 00000044 C=CODE     S=.text    G=(none)   M=Printers ACBP=A9
 0001:00037D30 0000031F C=CODE     S=.text    G=(none)   M=FlatSB   ACBP=A9
 0001:00038050 0000AED0 C=CODE     S=.text    G=(none)   M=StdCtrls ACBP=A9
 0001:00042F20 00000038 C=CODE     S=.text    G=(none)   M=ShellAPI ACBP=A9
 0001:00042F58 00000038 C=CODE     S=.text    G=(none)   M=RegStr   ACBP=A9
 0001:00042F90 00000038 C=CODE     S=.text    G=(none)   M=WinInet  ACBP=A9
 0001:00042FC8 00000038 C=CODE     S=.text    G=(none)   M=UrlMon   ACBP=A9
 0001:00043000 00000038 C=CODE     S=.text    G=(none)   M=ShlObj   ACBP=A9
 0001:00043038 00000040 C=CODE     S=.text    G=(none)   M=CommDlg  ACBP=A9
 0001:00043078 00004598 C=CODE     S=.text    G=(none)   M=ExtCtrls ACBP=A9
 0001:00047610 00000038 C=CODE     S=.text    G=(none)   M=Dlgs     ACBP=A9
 0001:00047648 00001C09 C=CODE     S=.text    G=(none)   M=Dialogs  ACBP=A9
 0001:00049254 00000668 C=CODE     S=.text    G=(none)   M=Clipbrd  ACBP=A9
 0001:000498BC 000000E8 C=CODE     S=.text    G=(none)   M=StrUtils ACBP=A9
 0001:000499A4 000009C4 C=CODE     S=.text    G=(none)   M=StdActns ACBP=A9
 0001:0004A368 00000CC4 C=CODE     S=.text    G=(none)   M=WinHelpViewer ACBP=A9
 0001:0004B02C 00010E83 C=CODE     S=.text    G=(none)   M=Controls ACBP=A9
 0001:0005BEB0 000019DE C=CODE     S=.text    G=(none)   M=ActnList ACBP=A9
 0001:0005D890 00001AC0 C=CODE     S=.text    G=(none)   M=ImgList  ACBP=A9
 0001:0005F350 000064F9 C=CODE     S=.text    G=(none)   M=Menus    ACBP=A9
 0001:0006584C 0000DABC C=CODE     S=.text    G=(none)   M=Forms    ACBP=A9
 0001:00073308 00000038 C=CODE     S=.text    G=(none)   M=RichEdit ACBP=A9
 0001:00073340 00000ACC C=CODE     S=.text    G=(none)   M=ToolWin  ACBP=A9
 0001:00073E0C 00000080 C=CODE     S=.text    G=(none)   M=ComStrs  ACBP=A9
 0001:00073E8C 000032F1 C=CODE     S=.text    G=(none)   M=Buttons  ACBP=A9
 0001:00077180 00000038 C=CODE     S=.text    G=(none)   M=ExtDlgs  ACBP=A9
 0001:000771B8 00001FA0 C=CODE     S=.text    G=(none)   M=IniFiles ACBP=A9
 0001:00079158 000008F8 C=CODE     S=.text    G=(none)   M=Registry ACBP=A9
 0001:00079A50 0000006C C=CODE     S=.text    G=(none)   M=Mapi     ACBP=A9
 0001:00079ABC 00000058 C=CODE     S=.text    G=(none)   M=ExtActns ACBP=A9
 0001:00079B14 00001AF8 C=CODE     S=.text    G=(none)   M=ListActns ACBP=A9
 0001:0007B60C 000141C8 C=CODE     S=.text    G=(none)   M=ComCtrls ACBP=A9
 0001:0008F7D4 00000A60 C=CODE     S=.text    G=(none)   M=MaskUtils ACBP=A9
 0001:00090234 000029E0 C=CODE     S=.text    G=(none)   M=Mask     ACBP=A9
 0001:00092C14 00009320 C=CODE     S=.text    G=(none)   M=Grids    ACBP=A9
 0001:0009BF34 00000108 C=CODE     S=.text    G=(none)   M=DateUtils ACBP=A9
 0001:0009C03C 000002A0 C=CODE     S=.text    G=(none)   M=DBConsts ACBP=A9
 0001:0009C2DC 00000F3F C=CODE     S=.text    G=(none)   M=SqlTimSt ACBP=A9
 0001:0009D21C 00004AB3 C=CODE     S=.text    G=(none)   M=FMTBcd   ACBP=A9
 0001:000A1CD0 00000060 C=CODE     S=.text    G=(none)   M=ComConst ACBP=A9
 0001:000A1D30 0000142D C=CODE     S=.text    G=(none)   M=ComObj   ACBP=A9
 0001:000A3160 00015EFC C=CODE     S=.text    G=(none)   M=DB       ACBP=A9
 0001:000B905C 00000164 C=CODE     S=.text    G=(none)   M=DBXpress ACBP=A9
 0001:000B91C0 0000478C C=CODE     S=.text    G=(none)   M=DBCommon ACBP=A9
 0001:000BD94C 00000258 C=CODE     S=.text    G=(none)   M=SqlConst ACBP=A9
 0001:000BDBA4 00000038 C=CODE     S=.text    G=(none)   M=DBConnAdmin ACBP=A9
 0001:000BDBDC 0000A98C C=CODE     S=.text    G=(none)   M=SqlExpr  ACBP=A9
 0001:000C8568 0000042C C=CODE     S=.text    G=(none)   M=Midas    ACBP=A9
 0001:000C8994 00000110 C=CODE     S=.text    G=(none)   M=MidConst ACBP=A9
 0001:000C8AA4 0000045C C=CODE     S=.text    G=(none)   M=DSIntf   ACBP=A9
 0001:000C8F00 00000F14 C=CODE     S=.text    G=(none)   M=DataBkr  ACBP=A9
 0001:000C9E14 0000BBB8 C=CODE     S=.text    G=(none)   M=Provider ACBP=A9
 0001:000D59CC 0000980C C=CODE     S=.text    G=(none)   M=DBClient ACBP=A9
 0001:000DF1D8 00001118 C=CODE     S=.text    G=(none)   M=DBLocal  ACBP=A9
 0001:000E02F0 00001AF8 C=CODE     S=.text    G=(none)   M=DBLocalS ACBP=A9
 0001:000E1DE8 000010E3 C=CODE     S=.text    G=(none)   M=AppEvnts ACBP=A9
 0001:000E2ECC 00000250 C=CODE     S=.text    G=(none)   M=DBChangePassword ACBP=A9
 0001:000E311C 00001048 C=CODE     S=.text    G=(none)   M=DBConnectForm ACBP=A9
 0001:000E4164 00000038 C=CODE     S=.text    G=(none)   M=Common   ACBP=A9
 0001:000E419C 00000C60 C=CODE     S=.text    G=(none)   M=DBConnect ACBP=A9
 0001:000E4DFC 00003D00 C=CODE     S=.text    G=(none)   M=udmMain  ACBP=A9
 0001:000E8AFC 00000334 C=CODE     S=.text    G=(none)   M=uChangeCurYear ACBP=A9
 0001:000E8E30 00001360 C=CODE     S=.text    G=(none)   M=uGetCode ACBP=A9
 0001:000EA190 00001680 C=CODE     S=.text    G=(none)   M=uMarkInfo ACBP=A9
 0001:000EB810 00001E3C C=CODE     S=.text    G=(none)   M=uFrameSchedule ACBP=A9
 0001:000ED64C 0000123C C=CODE     S=.text    G=(none)   M=uMarkList ACBP=A9
 0001:000EE888 00000944 C=CODE     S=.text    G=(none)   M=uChangeMark ACBP=A9
 0001:000EF1CC 00003434 C=CODE     S=.text    G=(none)   M=Report_Excel ACBP=A9
 0001:000F2600 00009824 C=CODE     S=.text    G=(none)   M=uPrintSchedule ACBP=A9
 0001:000FBE24 00002940 C=CODE     S=.text    G=(none)   M=uSchedule ACBP=A9
 0001:000FE764 00001BC8 C=CODE     S=.text    G=(none)   M=Spin     ACBP=A9
 0001:0010032C 0000039C C=CODE     S=.text    G=(none)   M=uScheduleInfo ACBP=A9
 0001:001006C8 00001FD4 C=CODE     S=.text    G=(none)   M=uHoliday ACBP=A9
 0001:0010269C 000043A4 C=CODE     S=.text    G=(none)   M=uNewSchedule ACBP=A9
 0001:00106A40 00002114 C=CODE     S=.text    G=(none)   M=uScheduleList ACBP=A9
 0001:00108B54 00000194 C=CODE     S=.text    G=(none)   M=SyncObjs ACBP=A9
 0001:00108CE8 000003D8 C=CODE     S=.text    G=(none)   M=JclResources ACBP=A9
 0001:001090C0 0000018F C=CODE     S=.text    G=(none)   M=JclBase  ACBP=A9
 0001:00109250 00000038 C=CODE     S=.text    G=(none)   M=AccCtrl  ACBP=A9
 0001:00109288 000001A4 C=CODE     S=.text    G=(none)   M=JclWin32 ACBP=A9
 0001:0010942C 00000038 C=CODE     S=.text    G=(none)   M=JclLogic ACBP=A9
 0001:00109464 00000038 C=CODE     S=.text    G=(none)   M=JclStringConversions ACBP=A9
 0001:0010949C 00001634 C=CODE     S=.text    G=(none)   M=JclCharsets ACBP=A9
 0001:0010AAD0 00000038 C=CODE     S=.text    G=(none)   M=Jcl8087  ACBP=A9
 0001:0010AB08 00000074 C=CODE     S=.text    G=(none)   M=JclMath  ACBP=A9
 0001:0010AB7C 00000038 C=CODE     S=.text    G=(none)   M=WinSock  ACBP=A9
 0001:0010ABB4 0000004F C=CODE     S=.text    G=(none)   M=Snmp     ACBP=A9
 0001:0010AC04 00000038 C=CODE     S=.text    G=(none)   M=TlHelp32 ACBP=A9
 0001:0010AC3C 00000038 C=CODE     S=.text    G=(none)   M=PsAPI    ACBP=A9
 0001:0010AC74 00000038 C=CODE     S=.text    G=(none)   M=JclIniFiles ACBP=A9
 0001:0010ACAC 0000100D C=CODE     S=.text    G=(none)   M=JclSysInfo ACBP=A9
 0001:0010BCBC 00002102 C=CODE     S=.text    G=(none)   M=JclUnicode ACBP=A9
 0001:0010DDC0 00000094 C=CODE     S=.text    G=(none)   M=JclWideStrings ACBP=A9
 0001:0010DE54 00000044 C=CODE     S=.text    G=(none)   M=JclShell ACBP=A9
 0001:0010DE98 00000038 C=CODE     S=.text    G=(none)   M=JclSecurity ACBP=A9
 0001:0010DED0 00000038 C=CODE     S=.text    G=(none)   M=JclDateTime ACBP=A9
 0001:0010DF08 00000260 C=CODE     S=.text    G=(none)   M=JclFileUtils ACBP=A9
 0001:0010E168 00000038 C=CODE     S=.text    G=(none)   M=JclConsole ACBP=A9
 0001:0010E1A0 00000038 C=CODE     S=.text    G=(none)   M=JclStreams ACBP=A9
 0001:0010E1D8 0000012C C=CODE     S=.text    G=(none)   M=JclAnsiStrings ACBP=A9
 0001:0010E304 0000035C C=CODE     S=.text    G=(none)   M=JclStrings ACBP=A9
 0001:0010E660 000012C0 C=CODE     S=.text    G=(none)   M=JclRegistry ACBP=A9
 0001:0010F920 00000360 C=CODE     S=.text    G=(none)   M=JclSynch ACBP=A9
 0001:0010FC80 000005C9 C=CODE     S=.text    G=(none)   M=JclSysUtils ACBP=A9
 0001:0011024C 000006C4 C=CODE     S=.text    G=(none)   M=JclUnitVersioning ACBP=A9
 0001:00110910 0000036D C=CODE     S=.text    G=(none)   M=JvResources ACBP=A9
 0001:00110C80 00000B47 C=CODE     S=.text    G=(none)   M=JvTypes  ACBP=A9
 0001:001117C8 00000038 C=CODE     S=.text    G=(none)   M=MMSystem ACBP=A9
 0001:00111800 00000B55 C=CODE     S=.text    G=(none)   M=JvJCLUtils ACBP=A9
 0001:00112358 0000007D C=CODE     S=.text    G=(none)   M=JVCLVer  ACBP=A9
 0001:001123D8 0000007D C=CODE     S=.text    G=(none)   M=JvComponentBase ACBP=A9
 0001:00112458 000001BF C=CODE     S=.text    G=(none)   M=JclRTTI  ACBP=A9
 0001:00112618 00000038 C=CODE     S=.text    G=(none)   M=JclMime  ACBP=A9
 0001:00112650 0000007D C=CODE     S=.text    G=(none)   M=JvPropertyStoreEditorIntf ACBP=A9
 0001:001126D0 0000007D C=CODE     S=.text    G=(none)   M=JvConsts ACBP=A9
 0001:00112750 00000090 C=CODE     S=.text    G=(none)   M=JclSimpleXml ACBP=A9
 0001:001127E0 00000145 C=CODE     S=.text    G=(none)   M=JvStrings ACBP=A9
 0001:00112928 00000050 C=CODE     S=.text    G=(none)   M=JConsts  ACBP=A9
 0001:00112978 00012E74 C=CODE     S=.text    G=(none)   M=jpeg     ACBP=A9
 0001:001257EC 00000259 C=CODE     S=.text    G=(none)   M=JvPropertyStore ACBP=A9
 0001:00125A48 0000007D C=CODE     S=.text    G=(none)   M=JvTranslateString ACBP=A9
 0001:00125AC8 0000009D C=CODE     S=.text    G=(none)   M=JvAppStorage ACBP=A9
 0001:00125B68 000024F2 C=CODE     S=.text    G=(none)   M=JvJVCLUtils ACBP=A9
 0001:0012805C 000009C1 C=CODE     S=.text    G=(none)   M=JvIconList ACBP=A9
 0001:00128A20 00001DEF C=CODE     S=.text    G=(none)   M=JvAni    ACBP=A9
 0001:0012A810 0000452A C=CODE     S=.text    G=(none)   M=JvGIF    ACBP=A9
 0001:0012ED3C 00000E78 C=CODE     S=.text    G=(none)   M=uCalculateSchedule ACBP=A9
 0001:0012FBB4 00000090 C=CODE     S=.text    G=(none)   M=VDBConsts ACBP=A9
 0001:0012FC44 00000706 C=CODE     S=.text    G=(none)   M=DBLogDlg ACBP=A9
 0001:0013034C 0000052D C=CODE     S=.text    G=(none)   M=DBPWDlg  ACBP=A9
 0001:0013087C 00000304 C=CODE     S=.text    G=(none)   M=DBCtrls  ACBP=A9
 0001:00130B80 00000038 C=CODE     S=.text    G=(none)   M=DBGrids  ACBP=A9
 0001:00130BB8 000019A4 C=CODE     S=.text    G=(none)   M=uDeptSchedule ACBP=A9
 0001:0013255C 00001B80 C=CODE     S=.text    G=(none)   M=uCalculateScheduleAsCopy ACBP=A9
 0001:001340DC 0000037C C=CODE     S=.text    G=(none)   M=VersionInfo ACBP=A9
 0001:00134458 00000480 C=CODE     S=.text    G=(none)   M=AboutForm ACBP=A9
 0001:001348D8 00002730 C=CODE     S=.text    G=(none)   M=uMain    ACBP=A9
 0001:00137008 00000038 C=CODE     S=.text    G=(none)   M=uTestSchedule ACBP=A9
 0001:00137040 000005E0 C=CODE     S=.text    G=(none)   M=Shift4   ACBP=A9
 0002:00000000 0000008C C=DATA     S=.data    G=DGROUP   M=System   ACBP=A9
 0002:0000008C 00000018 C=DATA     S=.data    G=DGROUP   M=SysInit  ACBP=A9
 0002:000000A4 00000758 C=DATA     S=.data    G=DGROUP   M=FastMM4  ACBP=A9
 0002:000007FC 00000274 C=DATA     S=.data    G=DGROUP   M=SysUtils ACBP=A9
 0002:00000A70 00000110 C=DATA     S=.data    G=DGROUP   M=VarUtils ACBP=A9
 0002:00000B80 0000018A C=DATA     S=.data    G=DGROUP   M=Variants ACBP=A9
 0002:00000D0C 0000000C C=DATA     S=.data    G=DGROUP   M=TypInfo  ACBP=A9
 0002:00000D18 00000020 C=DATA     S=.data    G=DGROUP   M=ActiveX  ACBP=A9
 0002:00000D38 000000E4 C=DATA     S=.data    G=DGROUP   M=Classes  ACBP=A9
 0002:00000E1C 0000030C C=DATA     S=.data    G=DGROUP   M=Graphics ACBP=A9
 0002:00001128 00000004 C=DATA     S=.data    G=DGROUP   M=Printers ACBP=A9
 0002:0000112C 00000120 C=DATA     S=.data    G=DGROUP   M=StdCtrls ACBP=A9
 0002:0000124C 00000014 C=DATA     S=.data    G=DGROUP   M=ExtCtrls ACBP=A9
 0002:00001260 000000C8 C=DATA     S=.data    G=DGROUP   M=Dialogs  ACBP=A9
 0002:00001328 00000004 C=DATA     S=.data    G=DGROUP   M=StdActns ACBP=A9
 0002:0000132C 0000013C C=DATA     S=.data    G=DGROUP   M=Controls ACBP=A9
 0002:00001468 00000020 C=DATA     S=.data    G=DGROUP   M=ImgList  ACBP=A9
 0002:00001488 000000EC C=DATA     S=.data    G=DGROUP   M=Menus    ACBP=A9
 0002:00001574 00000130 C=DATA     S=.data    G=DGROUP   M=Forms    ACBP=A9
 0002:000016A4 00000020 C=DATA     S=.data    G=DGROUP   M=ToolWin  ACBP=A9
 0002:000016C4 0000009E C=DATA     S=.data    G=DGROUP   M=Buttons  ACBP=A9
 0002:00001764 00000008 C=DATA     S=.data    G=DGROUP   M=IniFiles ACBP=A9
 0002:0000176C 00000008 C=DATA     S=.data    G=DGROUP   M=Registry ACBP=A9
 0002:00001774 00000008 C=DATA     S=.data    G=DGROUP   M=Mapi     ACBP=A9
 0002:0000177C 0000018C C=DATA     S=.data    G=DGROUP   M=ComCtrls ACBP=A9
 0002:00001908 00000009 C=DATA     S=.data    G=DGROUP   M=MaskUtils ACBP=A9
 0002:00001914 00000004 C=DATA     S=.data    G=DGROUP   M=Mask     ACBP=A9
 0002:00001918 00000006 C=DATA     S=.data    G=DGROUP   M=Grids    ACBP=A9
 0002:00001920 0000003C C=DATA     S=.data    G=DGROUP   M=SqlTimSt ACBP=A9
 0002:0000195C 00000065 C=DATA     S=.data    G=DGROUP   M=FMTBcd   ACBP=A9
 0002:000019C4 00000030 C=DATA     S=.data    G=DGROUP   M=ComObj   ACBP=A9
 0002:000019F4 0000021E C=DATA     S=.data    G=DGROUP   M=DB       ACBP=A9
 0002:00001C14 0000001C C=DATA     S=.data    G=DGROUP   M=DBCommon ACBP=A9
 0002:00001C30 0000004C C=DATA     S=.data    G=DGROUP   M=SqlConst ACBP=A9
 0002:00001C7C 0000009F C=DATA     S=.data    G=DGROUP   M=SqlExpr  ACBP=A9
 0002:00001D1C 00000010 C=DATA     S=.data    G=DGROUP   M=MidConst ACBP=A9
 0002:00001D2C 000000D4 C=DATA     S=.data    G=DGROUP   M=DSIntf   ACBP=A9
 0002:00001E00 00000158 C=DATA     S=.data    G=DGROUP   M=Provider ACBP=A9
 0002:00001F58 00000024 C=DATA     S=.data    G=DGROUP   M=DBClient ACBP=A9
 0002:00001F7C 00000004 C=DATA     S=.data    G=DGROUP   M=AppEvnts ACBP=A9
 0002:00001F80 000008F0 C=DATA     S=.data    G=DGROUP   M=JclCharsets ACBP=A9
 0002:00002870 00000008 C=DATA     S=.data    G=DGROUP   M=JclMath  ACBP=A9
 0002:00002878 00000888 C=DATA     S=.data    G=DGROUP   M=JclSysInfo ACBP=A9
 0002:00003100 000009D8 C=DATA     S=.data    G=DGROUP   M=JclUnicode ACBP=A9
 0002:00003AD8 00000004 C=DATA     S=.data    G=DGROUP   M=JclShell ACBP=A9
 0002:00003ADC 00000030 C=DATA     S=.data    G=DGROUP   M=JclFileUtils ACBP=A9
 0002:00003B0C 00000001 C=DATA     S=.data    G=DGROUP   M=JclAnsiStrings ACBP=A9
 0002:00003B10 0000000C C=DATA     S=.data    G=DGROUP   M=JclStrings ACBP=A9
 0002:00003B1C 000000CC C=DATA     S=.data    G=DGROUP   M=JclRegistry ACBP=A9
 0002:00003BE8 00000014 C=DATA     S=.data    G=DGROUP   M=JclSysUtils ACBP=A9
 0002:00003BFC 0000000D C=DATA     S=.data    G=DGROUP   M=JclUnitVersioning ACBP=A9
 0002:00003C0C 00000018 C=DATA     S=.data    G=DGROUP   M=JvResources ACBP=A9
 0002:00003C24 00000450 C=DATA     S=.data    G=DGROUP   M=JvTypes  ACBP=A9
 0002:00004074 00000068 C=DATA     S=.data    G=DGROUP   M=JvJCLUtils ACBP=A9
 0002:000040DC 00000018 C=DATA     S=.data    G=DGROUP   M=JVCLVer  ACBP=A9
 0002:000040F4 00000018 C=DATA     S=.data    G=DGROUP   M=JvComponentBase ACBP=A9
 0002:0000410C 00000018 C=DATA     S=.data    G=DGROUP   M=JvPropertyStoreEditorIntf ACBP=A9
 0002:00004124 00000028 C=DATA     S=.data    G=DGROUP   M=JvConsts ACBP=A9
 0002:0000414C 00000014 C=DATA     S=.data    G=DGROUP   M=JclSimpleXml ACBP=A9
 0002:00004160 00000024 C=DATA     S=.data    G=DGROUP   M=JvStrings ACBP=A9
 0002:00004184 000008F8 C=DATA     S=.data    G=DGROUP   M=jpeg     ACBP=A9
 0002:00004A7C 00000060 C=DATA     S=.data    G=DGROUP   M=JvPropertyStore ACBP=A9
 0002:00004ADC 00000018 C=DATA     S=.data    G=DGROUP   M=JvTranslateString ACBP=A9
 0002:00004AF4 00000018 C=DATA     S=.data    G=DGROUP   M=JvAppStorage ACBP=A9
 0002:00004B0C 000000AC C=DATA     S=.data    G=DGROUP   M=JvJVCLUtils ACBP=A9
 0002:00004BB8 00000018 C=DATA     S=.data    G=DGROUP   M=JvIconList ACBP=A9
 0002:00004BD0 00000018 C=DATA     S=.data    G=DGROUP   M=JvAni    ACBP=A9
 0002:00004BE8 00000058 C=DATA     S=.data    G=DGROUP   M=JvGIF    ACBP=A9
 0002:00004C40 00000028 C=DATA     S=.data    G=DGROUP   M=DBCtrls  ACBP=A9
 0002:00006000 0000070C C=BSS      S=.bss     G=DGROUP   M=System   ACBP=A9
 0002:0000670C 00000018 C=BSS      S=.bss     G=DGROUP   M=SysInit  ACBP=A9
 0002:00006724 00000004 C=BSS      S=.bss     G=DGROUP   M=Types    ACBP=A9
 0002:00006728 00000004 C=BSS      S=.bss     G=DGROUP   M=Windows  ACBP=A9
 0002:0000672C 00000004 C=BSS      S=.bss     G=DGROUP   M=SHFolder ACBP=A9
 0002:00006730 00000004 C=BSS      S=.bss     G=DGROUP   M=FastMM4Messages ACBP=A9
 0002:00006734 0000392C C=BSS      S=.bss     G=DGROUP   M=FastMM4  ACBP=A9
 0002:0000A060 00000004 C=BSS      S=.bss     G=DGROUP   M=Messages ACBP=A9
 0002:0000A064 00000004 C=BSS      S=.bss     G=DGROUP   M=SysConst ACBP=A9
 0002:0000A068 00000120 C=BSS      S=.bss     G=DGROUP   M=SysUtils ACBP=A9
 0002:0000A188 0000005C C=BSS      S=.bss     G=DGROUP   M=VarUtils ACBP=A9
 0002:0000A1E4 00000184 C=BSS      S=.bss     G=DGROUP   M=Variants ACBP=A9
 0002:0000A368 00000004 C=BSS      S=.bss     G=DGROUP   M=RTLConsts ACBP=A9
 0002:0000A36C 00000004 C=BSS      S=.bss     G=DGROUP   M=TypInfo  ACBP=A9
 0002:0000A370 00000004 C=BSS      S=.bss     G=DGROUP   M=ActiveX  ACBP=A9
 0002:0000A374 00000040 C=BSS      S=.bss     G=DGROUP   M=Classes  ACBP=A9
 0002:0000A3B4 00000004 C=BSS      S=.bss     G=DGROUP   M=Consts   ACBP=A9
 0002:0000A3B8 00000060 C=BSS      S=.bss     G=DGROUP   M=Graphics ACBP=A9
 0002:0000A418 00000004 C=BSS      S=.bss     G=DGROUP   M=Math     ACBP=A9
 0002:0000A41C 00000004 C=BSS      S=.bss     G=DGROUP   M=Contnrs  ACBP=A9
 0002:0000A420 0000000C C=BSS      S=.bss     G=DGROUP   M=CommCtrl ACBP=A9
 0002:0000A42C 00000031 C=BSS      S=.bss     G=DGROUP   M=MultiMon ACBP=A9
 0002:0000A460 00000004 C=BSS      S=.bss     G=DGROUP   M=Imm      ACBP=A9
 0002:0000A464 00000008 C=BSS      S=.bss     G=DGROUP   M=HelpIntfs ACBP=A9
 0002:0000A46C 00000004 C=BSS      S=.bss     G=DGROUP   M=WinSpool ACBP=A9
 0002:0000A470 00000004 C=BSS      S=.bss     G=DGROUP   M=Printers ACBP=A9
 0002:0000A474 00000034 C=BSS      S=.bss     G=DGROUP   M=FlatSB   ACBP=A9
 0002:0000A4A8 00000004 C=BSS      S=.bss     G=DGROUP   M=StdCtrls ACBP=A9
 0002:0000A4AC 00000004 C=BSS      S=.bss     G=DGROUP   M=ShellAPI ACBP=A9
 0002:0000A4B0 00000004 C=BSS      S=.bss     G=DGROUP   M=RegStr   ACBP=A9
 0002:0000A4B4 00000004 C=BSS      S=.bss     G=DGROUP   M=WinInet  ACBP=A9
 0002:0000A4B8 00000004 C=BSS      S=.bss     G=DGROUP   M=UrlMon   ACBP=A9
 0002:0000A4BC 00000004 C=BSS      S=.bss     G=DGROUP   M=ShlObj   ACBP=A9
 0002:0000A4C0 00000004 C=BSS      S=.bss     G=DGROUP   M=CommDlg  ACBP=A9
 0002:0000A4C4 00000004 C=BSS      S=.bss     G=DGROUP   M=ExtCtrls ACBP=A9
 0002:0000A4C8 00000004 C=BSS      S=.bss     G=DGROUP   M=Dlgs     ACBP=A9
 0002:0000A4CC 00000038 C=BSS      S=.bss     G=DGROUP   M=Dialogs  ACBP=A9
 0002:0000A504 0000000C C=BSS      S=.bss     G=DGROUP   M=Clipbrd  ACBP=A9
 0002:0000A510 00000004 C=BSS      S=.bss     G=DGROUP   M=StrUtils ACBP=A9
 0002:0000A514 00000004 C=BSS      S=.bss     G=DGROUP   M=StdActns ACBP=A9
 0002:0000A518 00000010 C=BSS      S=.bss     G=DGROUP   M=WinHelpViewer ACBP=A9
 0002:0000A528 00000080 C=BSS      S=.bss     G=DGROUP   M=Controls ACBP=A9
 0002:0000A5A8 00000004 C=BSS      S=.bss     G=DGROUP   M=ActnList ACBP=A9
 0002:0000A5AC 00000004 C=BSS      S=.bss     G=DGROUP   M=ImgList  ACBP=A9
 0002:0000A5B0 00000010 C=BSS      S=.bss     G=DGROUP   M=Menus    ACBP=A9
 0002:0000A5C0 00000020 C=BSS      S=.bss     G=DGROUP   M=Forms    ACBP=A9
 0002:0000A5E0 00000004 C=BSS      S=.bss     G=DGROUP   M=RichEdit ACBP=A9
 0002:0000A5E4 00000004 C=BSS      S=.bss     G=DGROUP   M=ToolWin  ACBP=A9
 0002:0000A5E8 00000004 C=BSS      S=.bss     G=DGROUP   M=ComStrs  ACBP=A9
 0002:0000A5EC 00000030 C=BSS      S=.bss     G=DGROUP   M=Buttons  ACBP=A9
 0002:0000A61C 00000004 C=BSS      S=.bss     G=DGROUP   M=ExtDlgs  ACBP=A9
 0002:0000A620 00000004 C=BSS      S=.bss     G=DGROUP   M=IniFiles ACBP=A9
 0002:0000A624 00000004 C=BSS      S=.bss     G=DGROUP   M=Registry ACBP=A9
 0002:0000A628 00000004 C=BSS      S=.bss     G=DGROUP   M=Mapi     ACBP=A9
 0002:0000A62C 00000009 C=BSS      S=.bss     G=DGROUP   M=ExtActns ACBP=A9
 0002:0000A638 00000004 C=BSS      S=.bss     G=DGROUP   M=ListActns ACBP=A9
 0002:0000A63C 00000034 C=BSS      S=.bss     G=DGROUP   M=ComCtrls ACBP=A9
 0002:0000A670 00000004 C=BSS      S=.bss     G=DGROUP   M=MaskUtils ACBP=A9
 0002:0000A674 00000004 C=BSS      S=.bss     G=DGROUP   M=Mask     ACBP=A9
 0002:0000A678 00000004 C=BSS      S=.bss     G=DGROUP   M=Grids    ACBP=A9
 0002:0000A67C 00000004 C=BSS      S=.bss     G=DGROUP   M=DateUtils ACBP=A9
 0002:0000A680 00000004 C=BSS      S=.bss     G=DGROUP   M=DBConsts ACBP=A9
 0002:0000A684 00000004 C=BSS      S=.bss     G=DGROUP   M=SqlTimSt ACBP=A9
 0002:0000A688 00000004 C=BSS      S=.bss     G=DGROUP   M=FMTBcd   ACBP=A9
 0002:0000A68C 00000004 C=BSS      S=.bss     G=DGROUP   M=ComConst ACBP=A9
 0002:0000A690 00000011 C=BSS      S=.bss     G=DGROUP   M=ComObj   ACBP=A9
 0002:0000A6A4 00000020 C=BSS      S=.bss     G=DGROUP   M=DB       ACBP=A9
 0002:0000A6C4 00000004 C=BSS      S=.bss     G=DGROUP   M=DBXpress ACBP=A9
 0002:0000A6C8 00000004 C=BSS      S=.bss     G=DGROUP   M=DBCommon ACBP=A9
 0002:0000A6CC 00000004 C=BSS      S=.bss     G=DGROUP   M=SqlConst ACBP=A9
 0002:0000A6D0 00000004 C=BSS      S=.bss     G=DGROUP   M=DBConnAdmin ACBP=A9
 0002:0000A6D4 0000000C C=BSS      S=.bss     G=DGROUP   M=SqlExpr  ACBP=A9
 0002:0000A6E0 00000004 C=BSS      S=.bss     G=DGROUP   M=Midas    ACBP=A9
 0002:0000A6E4 00000004 C=BSS      S=.bss     G=DGROUP   M=MidConst ACBP=A9
 0002:0000A6E8 00000020 C=BSS      S=.bss     G=DGROUP   M=DSIntf   ACBP=A9
 0002:0000A708 00000004 C=BSS      S=.bss     G=DGROUP   M=DataBkr  ACBP=A9
 0002:0000A70C 00000008 C=BSS      S=.bss     G=DGROUP   M=Provider ACBP=A9
 0002:0000A714 00000004 C=BSS      S=.bss     G=DGROUP   M=DBClient ACBP=A9
 0002:0000A718 00000004 C=BSS      S=.bss     G=DGROUP   M=DBLocal  ACBP=A9
 0002:0000A71C 00000004 C=BSS      S=.bss     G=DGROUP   M=DBLocalS ACBP=A9
 0002:0000A720 00000004 C=BSS      S=.bss     G=DGROUP   M=AppEvnts ACBP=A9
 0002:0000A724 00000008 C=BSS      S=.bss     G=DGROUP   M=DBChangePassword ACBP=A9
 0002:0000A72C 00000008 C=BSS      S=.bss     G=DGROUP   M=DBConnectForm ACBP=A9
 0002:0000A734 00000004 C=BSS      S=.bss     G=DGROUP   M=Common   ACBP=A9
 0002:0000A738 00000008 C=BSS      S=.bss     G=DGROUP   M=DBConnect ACBP=A9
 0002:0000A740 0000007C C=BSS      S=.bss     G=DGROUP   M=udmMain  ACBP=A9
 0002:0000A7BC 00000008 C=BSS      S=.bss     G=DGROUP   M=uChangeCurYear ACBP=A9
 0002:0000A7C4 00000008 C=BSS      S=.bss     G=DGROUP   M=uGetCode ACBP=A9
 0002:0000A7CC 0000000C C=BSS      S=.bss     G=DGROUP   M=uMarkInfo ACBP=A9
 0002:0000A7D8 00000004 C=BSS      S=.bss     G=DGROUP   M=uFrameSchedule ACBP=A9
 0002:0000A7DC 0000000C C=BSS      S=.bss     G=DGROUP   M=uMarkList ACBP=A9
 0002:0000A7E8 00000008 C=BSS      S=.bss     G=DGROUP   M=uChangeMark ACBP=A9
 0002:0000A7F0 00000004 C=BSS      S=.bss     G=DGROUP   M=Report_Excel ACBP=A9
 0002:0000A7F4 00000008 C=BSS      S=.bss     G=DGROUP   M=uPrintSchedule ACBP=A9
 0002:0000A7FC 00000008 C=BSS      S=.bss     G=DGROUP   M=uSchedule ACBP=A9
 0002:0000A804 00000004 C=BSS      S=.bss     G=DGROUP   M=Spin     ACBP=A9
 0002:0000A808 00000008 C=BSS      S=.bss     G=DGROUP   M=uScheduleInfo ACBP=A9
 0002:0000A810 00000008 C=BSS      S=.bss     G=DGROUP   M=uHoliday ACBP=A9
 0002:0000A818 00000008 C=BSS      S=.bss     G=DGROUP   M=uNewSchedule ACBP=A9
 0002:0000A820 00000008 C=BSS      S=.bss     G=DGROUP   M=uScheduleList ACBP=A9
 0002:0000A828 00000004 C=BSS      S=.bss     G=DGROUP   M=SyncObjs ACBP=A9
 0002:0000A82C 00000004 C=BSS      S=.bss     G=DGROUP   M=JclResources ACBP=A9
 0002:0000A830 00000008 C=BSS      S=.bss     G=DGROUP   M=JclBase  ACBP=A9
 0002:0000A838 00000004 C=BSS      S=.bss     G=DGROUP   M=AccCtrl  ACBP=A9
 0002:0000A83C 00000004 C=BSS      S=.bss     G=DGROUP   M=JclWin32 ACBP=A9
 0002:0000A840 00000004 C=BSS      S=.bss     G=DGROUP   M=JclLogic ACBP=A9
 0002:0000A844 00000004 C=BSS      S=.bss     G=DGROUP   M=JclStringConversions ACBP=A9
 0002:0000A848 00000004 C=BSS      S=.bss     G=DGROUP   M=JclCharsets ACBP=A9
 0002:0000A84C 00000004 C=BSS      S=.bss     G=DGROUP   M=Jcl8087  ACBP=A9
 0002:0000A850 00000004 C=BSS      S=.bss     G=DGROUP   M=JclMath  ACBP=A9
 0002:0000A854 00000004 C=BSS      S=.bss     G=DGROUP   M=WinSock  ACBP=A9
 0002:0000A858 00000004 C=BSS      S=.bss     G=DGROUP   M=Snmp     ACBP=A9
 0002:0000A85C 00000004 C=BSS      S=.bss     G=DGROUP   M=TlHelp32 ACBP=A9
 0002:0000A860 00000004 C=BSS      S=.bss     G=DGROUP   M=PsAPI    ACBP=A9
 0002:0000A864 00000004 C=BSS      S=.bss     G=DGROUP   M=JclIniFiles ACBP=A9
 0002:0000A868 00000010 C=BSS      S=.bss     G=DGROUP   M=JclSysInfo ACBP=A9
 0002:0000A878 00001018 C=BSS      S=.bss     G=DGROUP   M=JclUnicode ACBP=A9
 0002:0000B890 00000004 C=BSS      S=.bss     G=DGROUP   M=JclWideStrings ACBP=A9
 0002:0000B894 00000004 C=BSS      S=.bss     G=DGROUP   M=JclShell ACBP=A9
 0002:0000B898 00000004 C=BSS      S=.bss     G=DGROUP   M=JclSecurity ACBP=A9
 0002:0000B89C 00000004 C=BSS      S=.bss     G=DGROUP   M=JclDateTime ACBP=A9
 0002:0000B8A0 00000004 C=BSS      S=.bss     G=DGROUP   M=JclFileUtils ACBP=A9
 0002:0000B8A4 00000004 C=BSS      S=.bss     G=DGROUP   M=JclConsole ACBP=A9
 0002:0000B8A8 00000004 C=BSS      S=.bss     G=DGROUP   M=JclStreams ACBP=A9
 0002:0000B8AC 00000504 C=BSS      S=.bss     G=DGROUP   M=JclAnsiStrings ACBP=A9
 0002:0000BDB0 00000504 C=BSS      S=.bss     G=DGROUP   M=JclStrings ACBP=A9
 0002:0000C2B4 00000004 C=BSS      S=.bss     G=DGROUP   M=JclRegistry ACBP=A9
 0002:0000C2B8 00000004 C=BSS      S=.bss     G=DGROUP   M=JclSynch ACBP=A9
 0002:0000C2BC 00000008 C=BSS      S=.bss     G=DGROUP   M=JclSysUtils ACBP=A9
 0002:0000C2C4 00000008 C=BSS      S=.bss     G=DGROUP   M=JclUnitVersioning ACBP=A9
 0002:0000C2CC 00000004 C=BSS      S=.bss     G=DGROUP   M=JvResources ACBP=A9
 0002:0000C2D0 00000004 C=BSS      S=.bss     G=DGROUP   M=JvTypes  ACBP=A9
 0002:0000C2D4 00000004 C=BSS      S=.bss     G=DGROUP   M=MMSystem ACBP=A9
 0002:0000C2D8 00000004 C=BSS      S=.bss     G=DGROUP   M=JvJCLUtils ACBP=A9
 0002:0000C2DC 00000004 C=BSS      S=.bss     G=DGROUP   M=JVCLVer  ACBP=A9
 0002:0000C2E0 00000004 C=BSS      S=.bss     G=DGROUP   M=JvComponentBase ACBP=A9
 0002:0000C2E4 00000008 C=BSS      S=.bss     G=DGROUP   M=JclRTTI  ACBP=A9
 0002:0000C2EC 00000004 C=BSS      S=.bss     G=DGROUP   M=JclMime  ACBP=A9
 0002:0000C2F0 00000004 C=BSS      S=.bss     G=DGROUP   M=JvPropertyStoreEditorIntf ACBP=A9
 0002:0000C2F4 00000004 C=BSS      S=.bss     G=DGROUP   M=JvConsts ACBP=A9
 0002:0000C2F8 00000004 C=BSS      S=.bss     G=DGROUP   M=JclSimpleXml ACBP=A9
 0002:0000C2FC 00000004 C=BSS      S=.bss     G=DGROUP   M=JvStrings ACBP=A9
 0002:0000C300 00000004 C=BSS      S=.bss     G=DGROUP   M=JConsts  ACBP=A9
 0002:0000C304 00000004 C=BSS      S=.bss     G=DGROUP   M=jpeg     ACBP=A9
 0002:0000C308 00000004 C=BSS      S=.bss     G=DGROUP   M=JvPropertyStore ACBP=A9
 0002:0000C30C 00000004 C=BSS      S=.bss     G=DGROUP   M=JvTranslateString ACBP=A9
 0002:0000C310 00000009 C=BSS      S=.bss     G=DGROUP   M=JvAppStorage ACBP=A9
 0002:0000C31C 00000404 C=BSS      S=.bss     G=DGROUP   M=JvJVCLUtils ACBP=A9
 0002:0000C720 00000004 C=BSS      S=.bss     G=DGROUP   M=JvIconList ACBP=A9
 0002:0000C724 00000004 C=BSS      S=.bss     G=DGROUP   M=JvAni    ACBP=A9
 0002:0000C728 00000008 C=BSS      S=.bss     G=DGROUP   M=JvGIF    ACBP=A9
 0002:0000C730 00000008 C=BSS      S=.bss     G=DGROUP   M=uCalculateSchedule ACBP=A9
 0002:0000C738 00000004 C=BSS      S=.bss     G=DGROUP   M=VDBConsts ACBP=A9
 0002:0000C73C 00000004 C=BSS      S=.bss     G=DGROUP   M=DBLogDlg ACBP=A9
 0002:0000C740 00000004 C=BSS      S=.bss     G=DGROUP   M=DBPWDlg  ACBP=A9
 0002:0000C744 00000004 C=BSS      S=.bss     G=DGROUP   M=DBCtrls  ACBP=A9
 0002:0000C748 00000004 C=BSS      S=.bss     G=DGROUP   M=DBGrids  ACBP=A9
 0002:0000C74C 00000008 C=BSS      S=.bss     G=DGROUP   M=uDeptSchedule ACBP=A9
 0002:0000C754 00000008 C=BSS      S=.bss     G=DGROUP   M=uCalculateScheduleAsCopy ACBP=A9
 0002:0000C75C 00000004 C=BSS      S=.bss     G=DGROUP   M=VersionInfo ACBP=A9
 0002:0000C760 00000008 C=BSS      S=.bss     G=DGROUP   M=AboutForm ACBP=A9
 0002:0000C768 00000008 C=BSS      S=.bss     G=DGROUP   M=uMain    ACBP=A9
 0002:0000C770 00000004 C=BSS      S=.bss     G=DGROUP   M=uTestSchedule ACBP=A9


  Address         Publics by Name

 0001:00122CB0       ..
 0001:0011930C       ..
 0001:00120C28       ..
 0001:0011A618       ..
 0001:00124B78       ..
 0001:001235D8       ..
 0001:0011ACF0       ..
 0001:0011BD90       ..
 0001:0011C084       ..
 0002:00004310       ..
 0001:001186B0       ..
 0002:0000441C       ..
 0002:0000461C       ..
 0001:0011C354       ..
 0001:0011D838       ..
 0002:000049BC       ..
 0001:00121DF8       ..
 0001:00118104       ..
 0001:001144EC       ..
 0002:00004200       ..
 0001:0011514C       ..
 0001:001156B4       ..
 0001:00115B78       ..
 0001:001162BC       ..
 0002:00004210       ..
 0001:00117088       ..
 0002:00004290       ..
 0001:001218BC       ..
 0001:0011F490       ..
 0001:00122628       ..
 0001:0011F5A0       ..
 0001:00123AF0       ..
 0001:00121760       ..
 0001:00117B18       ..
 0001:00120434       ..
 0002:0000A4CC       .01
 0002:0000A6DC       .01
 0002:0000B8A4       .01
 0002:0000C2E4       .02
 0002:0000C300       .1
 0002:0000A4AC       .1
 0002:0000C2FC       .1
 0002:0000C2F4       .1
 0002:0000C2F0       .1
 0002:0000C2EC       .1
 0002:00006730       .1
 0002:0000A68C       .1
 0002:0000C2DC       .1
 0002:0000C2CC       .1
 0002:0000C738       .1
 0002:0000A4C8       .1
 0002:0000A6C4       .1
 0002:0000A188       .1
 0002:0000A684       .1
 0002:0000A680       .1
 0002:0000A67C       .1
 0002:0000A3B4       .1
 0002:0000A510       .1
 0002:0000A4C0       .1
 0002:0000A628       .1
 0002:0000A4BC       .1
 0002:0000A5E8       .1
 0002:0000A5E0       .1
 0002:0000A4B8       .1
 0002:0000671C       .1
 0002:0000A4B4       .1
 0002:0000B894       .1
 0002:0000A868       .1
 0002:0000A864       .1
 0002:0000A860       .1
 0002:0000A520       .1
 0002:0000A85C       .1
 0002:0000A858       .1
 0002:0000A6E0       .1
 0002:0000A6E4       .1
 0002:0000A854       .1
 0002:0000A84C       .1
 0002:0000A368       .1
 0002:0000A840       .1
 0002:0000A838       .1
 0002:0000A82C       .1
 0002:0000A4B0       .1
 0002:0000A494       .1
 0002:00006724       .1
 0002:0000A460       .1
 0002:0000A44C       .1
 0002:0000A420       .1
 0002:0000A734       .1
 0002:0000A060       .1
 0002:0000A064       .1
 0002:0000672C       .1
 0002:0000A678       .11
 0002:0000A4C4       .12
 0002:0000A3BC       .12
 0002:0000A7D8       .2
 0002:0000A7D4       .2
 0002:0000A7C8       .2
 0002:0000A7C0       .2
 0002:0000A7E4       .2
 0002:0000A7EC       .2
 0002:0000A730       .2
 0002:0000A728       .2
 0002:0000A7F0       .2
 0002:0000A71C       .2
 0002:0000A718       .2
 0002:0000A7F8       .2
 0002:0000A800       .2
 0002:0000C758       .2
 0002:0000A80C       .2
 0002:0000A81C       .2
 0002:0000A824       .2
 0002:0000A6E8       .2
 0002:0000A6D0       .2
 0002:0000A6CC       .2
 0002:0000C740       .2
 0002:0000B898       .2
 0002:0000B89C       .2
 0002:0000C73C       .2
 0002:0000C734       .2
 0002:0000C2E0       .2
 0002:0000C764       .2
 0002:0000C30C       .2
 0002:0000A670       .2
 0002:0000C76C       .2
 0002:0000C770       .2
 0002:0000A418       .2
 0002:0000A464       .2
 0002:0000A508       .2
 0002:00006738       .2
 0002:0000C720       .2
 0002:0000C310       .21
 0002:0000A41C       .21
 0002:0000C744       .22
 0002:0000A708       .3
 0002:0000A46C       .3
 0002:0000A6C8       .3
 0002:0000A848       .3
 0002:0000A720       .3
 0002:0000C304       .3
 0002:0000A470       .3
 0002:0000BDAC       .3
 0002:0000A844       .3
 0002:0000C2D8       .3
 0002:0000A83C       .3
 0002:0000C2B4       .3
 0002:0000A688       .3
 0002:0000C75C       .3
 0002:0000A370       .3
 0002:0000A73C       .3
 0002:00006728       .3
 0002:0000A5AC       .3
 0002:0000A61C       .3
 0002:0000A714       .31
 0002:0000A37C       .35
 0002:0000A6C0       .36
 0002:0000A63C       .36
 0002:0000A5EC       .4
 0002:0000B890       .4
 0002:0000A5E4       .4
 0002:0000C308       .4
 0002:0000A834       .4
 0002:0000A814       .4
 0002:0000C750       .4
 0002:0000A690       .41
 0002:0000A5C8       .41
 0002:0000A4A8       .42
 0002:0000C2F8       .42
 0002:0000A674       .5
 0002:0000C72C       .5
 0002:0000A804       .5
 0002:0000C2C4       .5
 0002:0000A624       .5
 0002:000065BC       .5
 0002:0000C724       .5
 0002:0000A710       .51
 0002:0000A7B8       .6
 0002:0000A828       .6
 0002:0000A36C       .6
 0002:0000B8A0       .62
 0002:0000A514       .63
 0002:0000A850       .7
 0002:0000C2D4       .7
 0002:0000A87C       .71
 0002:0000C2C0       .71
 0002:0000A62C       .72
 0002:0000A530       .72
 0002:0000A620       .8
 0002:0000A638       .8
 0002:0000C31C       .8
 0002:0000C2D0       .8
 0002:0000A5A8       .8
 0002:0000A204       .81
 0002:0000C748       .9
 0002:0000A5B8       .9
 0002:0000C2B0       .9
 0002:0000C2B8       .91
 0002:0000B8A8       .92
 0002:0000A178       .94
 0001:00001EDC       @AbstractError
 0001:000046C8       @AddRefArray
 0001:00004698       @AddRefRecord
 0001:00002F5C       @AfterConstruction
 0001:00002D50       @AsClass
 0001:00002348       @AStrCmp
 0001:00002F6C       @BeforeDestruction
 0001:00002AE0       @BoundErr
 0001:00002D9C       @CallDynaInst
 0001:00005BA0       @CheckAutoResult
 0001:00002F04       @ClassCreate
 0001:00002F54       @ClassDestroy
 0001:00002214       @Close
 0001:00001C88       @Copy
 0001:000048A4       @CopyArray
 0001:00004788       @CopyRecord
 0001:00004BE8       @DispCallByIDError
 0001:00004AA8       @DispInvoke
 0001:000049AC       @Dispose
 0001:000034AC       @DoneExcept
 0001:00005440       @DynArrayAddRef
 0001:00005418       @DynArrayAsg
 0001:000053DC       @DynArrayClear
 0001:000052C8       @DynArrayCopy
 0001:000052E8       @DynArrayCopyRange
 0001:00005108       @DynArrayHigh
 0001:00005100       @DynArrayLength
 0001:000052BC       @DynArraySetLength
 0001:00003594       @ExceptionHandler
 0001:000023B8       @FillChar
 0001:0000468C       @Finalize
 0001:000045A0       @FinalizeArray
 0001:0000456C       @FinalizeRecord
 0001:00002DB4       @FindDynaInst
 0001:00002208       @Flush
 0001:00002AD4       @FpuInit
 0001:00002A10       @FpuMaskInit
 0001:00001E88       @FRAC
 0001:00001A9C       @FreeMem
 0001:00001A7C       @GetMem
 0001:00006128       @GetTls
 0001:000039F8       @Halt
 0001:00003920       @Halt0
 0001:00003080       @HandleAnyException
 0001:0000336C       @HandleAutoException
 0001:00003334       @HandleFinally
 0001:000031AC       @HandleOnException
 0001:00006174       @InitExe
 0001:00004560       @Initialize
 0001:000044CC       @InitializeArray
 0001:0000449C       @InitializeRecord
 0001:000037C8       @InitImports
 0001:000037A0       @InitResStringImports
 0001:0000377C       @InitResStrings
 0001:000037EC       @InitWideStrings
 0001:00005B04       @IntfAddRef
 0001:00005AD8       @IntfCast
 0001:00005A94       @IntfClear
 0001:00005AAC       @IntfCopy
 0001:00002D2C       @IsClass
 0001:000029E0       @isNECWindows
 0001:0011F400       @jcopy_block_row
 0001:0011F3B4       @jcopy_sample_rows
 0001:00119278       @jinit_1pass_quantizer
 0001:0011A4F8       @jinit_2pass_quantizer
 0001:00122A64       @jinit_color_converter
 0001:001184E4       @jinit_color_deconverter
 0001:00120384       @jinit_compress_master
 0001:00122560       @jinit_c_coef_controller
 0001:00121838       @jinit_c_main_controller
 0001:00121698       @jinit_c_master_control
 0001:00121D50       @jinit_c_prep_controller
 0001:00123450       @jinit_downsampler
 0001:0011BC7C       @jinit_d_coef_controller
 0001:0011AC10       @jinit_d_main_controller
 0001:0011BFF0       @jinit_d_post_controller
 0001:00123A74       @jinit_forward_dct
 0001:00117AD8       @jinit_huff_decoder
 0001:001256B8       @jinit_huff_encoder
 0001:0011566C       @jinit_input_controller
 0001:0011C2D8       @jinit_inverse_dct
 0001:0011F330       @jinit_marker_reader
 0001:00120BDC       @jinit_marker_writer
 0001:00116284       @jinit_master_decompress
 0001:0011501C       @jinit_memory_mgr
 0001:00118084       @jinit_merged_upsampler
 0001:00117014       @jinit_phuff_decoder
 0001:0012459C       @jinit_phuff_encoder
 0001:0011C838       @jinit_upsampler
 0001:0011F410       @jpeg_abort
 0001:0011F478       @jpeg_alloc_huff_table
 0001:0011F460       @jpeg_alloc_quant_table
 0001:0012484C       @jpeg_fdct_float
 0001:001245E0       @jpeg_fdct_ifast
 0001:001173C0       @jpeg_fill_bit_buffer
 0001:00115120       @jpeg_free_large
 0001:00115110       @jpeg_free_small
 0001:001253FC       @jpeg_gen_optimal_table
 0001:00115118       @jpeg_get_large
 0001:00115108       @jpeg_get_small
 0001:001174D0       @jpeg_huff_decode
 0001:0011D7FC       @jpeg_idct_1x1
 0001:0011D620       @jpeg_idct_2x2
 0001:0011D28C       @jpeg_idct_4x4
 0001:0011CA50       @jpeg_idct_float
 0001:0011CE80       @jpeg_idct_ifast
 0001:00124D44       @jpeg_make_c_derived_tbl
 0001:001171A8       @jpeg_make_d_derived_tbl
 0001:00115128       @jpeg_mem_available
 0001:00115144       @jpeg_mem_init
 0001:00115148       @jpeg_mem_term
 0001:00115134       @jpeg_open_backing_store
 0001:0011F204       @jpeg_resync_to_restart
 0001:001201B8       @jpeg_suppress_tables
 0001:0011F39C       @jround_up
 0001:00003EB0       @LStrAddRef
 0001:00003A34       @LStrArrayClr
 0001:00003A64       @LStrAsg
 0001:00003CD0       @LStrCat
 0001:00003D14       @LStrCat3
 0001:00003D88       @LStrCatN
 0001:00003A10       @LStrClr
 0001:00003E0C       @LStrCmp
 0001:00003F20       @LStrCopy
 0001:00003F60       @LStrDelete
 0001:00003C78       @LStrFromArray
 0001:00003BF0       @LStrFromChar
 0001:00003C00       @LStrFromPChar
 0001:00003B00       @LStrFromPCharLen
 0001:00003C30       @LStrFromPWChar
 0001:00003B64       @LStrFromPWCharLen
 0001:00003C6C       @LStrFromString
 0001:00003C90       @LStrFromWStr
 0001:00003FA8       @LStrInsert
 0001:00003AA8       @LStrLAsg
 0001:00003CC8       @LStrLen
 0001:000040B0       @LStrOfChar
 0001:00004004       @LStrPos
 0001:0000404C       @LStrSetLength
 0001:00003EC0       @LStrToPChar
 0001:00003CA4       @LStrToString
 0001:00004998       @New
 0001:00003AD4       @NewAnsiString
 0001:00004104       @NewWideString
 0001:00004B84       @OleVarFromInt
 0001:00004B74       @OleVarFromLStr
 0001:00004B7C       @OleVarFromVar
 0001:000026F8       @Pow10
 0001:000022C4       @PStrCmp
 0001:0000229C       @PStrCpy
 0001:0000226C       @PStrNCat
 0001:000022A8       @PStrNCpy
 0001:00003458       @RaiseAgain
 0001:00003430       @RaiseExcept
 0001:00001ABC       @ReallocMem
 0001:00001F50       @RewritText
 0001:00001EAC       @ROUND
 0001:00003A04       @RunError
 0001:00002654       @SetElem
 0001:000026D0       @SetEq
 0001:00001E78       @SetLength
 0001:00002678       @SetRange
 0001:000026E4       @SetUnion
 0001:0000373C       @StartExe
 0001:00004EC0       @Str0Int64
 0001:00002438       @Str0Long
 0001:00004E00       @StrInt64
 0001:000003D4       @strlen
 0001:000023D8       @StrLong
 0001:00001EB8       @TRUNC
 0001:000034DC       @TryFinallyExit
 0001:00003F18       @UniqueStringA
 0001:00004EDC       @ValInt64
 0001:00002444       @ValLong
 0001:00004B8C       @VarAdd
 0001:00004BE0       @VarAddRef
 0001:00004BF0       @VarArrayGet
 0001:00004BFC       @VarArrayPut
 0001:00004AC0       @VarCast
 0001:00004AB0       @VarClear
 0001:00004BD8       @VarClr
 0001:00004B98       @VarCmpEQ
 0001:00004BBC       @VarCmpGT
 0001:00004BB0       @VarCmpLT
 0001:00004BA4       @VarCmpNE
 0001:00004AB8       @VarCopy
 0001:00004B2C       @VarFromBool
 0001:00004B44       @VarFromCurr
 0001:00004B6C       @VarFromDisp
 0001:00004B10       @VarFromInt
 0001:00004B18       @VarFromInt64
 0001:00004B64       @VarFromIntf
 0001:00004B54       @VarFromLStr
 0001:00004B4C       @VarFromPStr
 0001:00004B34       @VarFromReal
 0001:00004B3C       @VarFromTDateTime
 0001:00004B5C       @VarFromWStr
 0001:00004BC8       @VarNeg
 0001:00004BD0       @VarNot
 0001:00004AD8       @VarToBool
 0001:00004AE8       @VarToCurr
 0001:00004B08       @VarToDisp
 0001:00004AC8       @VarToInt
 0001:00004AD0       @VarToInt64
 0001:00004B00       @VarToIntf
 0001:00004AF0       @VarToLStr
 0001:00004AE0       @VarToReal
 0001:00004AF8       @VarToWStr
 0001:00002554       @WriteBytes
 0001:000040DC       @WriteLString
 0001:000025A8       @WriteSpaces
 0001:0000447C       @WStrAddRef
 0001:00004144       @WStrArrayClr
 0001:00004168       @WStrAsg
 0001:000042A4       @WStrCat
 0001:00004304       @WStrCat3
 0001:0000412C       @WStrClr
 0001:00004368       @WStrCmp
 0001:000043EC       @WStrCopy
 0001:00004278       @WStrFromLStr
 0001:0000418C       @WStrFromPCharLen
 0001:0000423C       @WStrFromPWChar
 0001:00004218       @WStrFromPWCharLen
 0001:00004298       @WStrLen
 0001:00004438       @WStrSetLength
 0001:00004288       @WStrToPWChar
 0001:00002630       @_CLenToPasStr
 0001:00002624       @_CToPasStr
 0001:00001C58       @_IOTest
 0001:00004C2C       @_lldiv
 0001:00004CF4       @_llmod
 0001:00004C08       @_llmul
 0001:00004DC0       @_llshl
 0001:00004CA8       @_lludiv
 0001:00004D70       @_llumod
 0001:00004DE0       @_llushr
 0001:00010B34       Abort
 0001:001348D0       AboutForm
 0001:0004DF9C       AbsMin
 0001:00010F3C       AbstractErrorHandler
 0002:0000602C       AbstractErrorProc
 0001:00109280       AccCtrl
 0002:00000880       AccessMode
 0001:00001BB4       AcquireExceptionObject
 0001:00021838       ActivateClassGroup
 0001:0000684C       ActivateKeyboardLayout
 0002:0000A564       ActiveDrag
 0001:0001F154       ActiveX
 0001:0005D864       ActnList
 0001:000004F8       AddBlockAfter
 0001:0009E388       AddChars
 0001:000A13C8       AddCurrency
 0001:000A0B98       AddCurrencySymbol
 0002:00000D38       AddDataModule
 0001:000A04A4       AddDigit
 0001:0000C660       AddExitProc
 0001:000D3C38       AddField
 0001:000BA1C4       AddField
 0001:000D480C       AddField
 0001:000D3794       AddField
 0001:000AA4C0       AddFieldDefs
 0001:000CC420       AddFieldDesc
 0001:000AA71C       AddFields
 0001:000C6E58       AddFieldToList
 0001:00025A00       AddFinished
 0001:00060F48       AddIn
 0001:000A16B8       AddLiterals
 0001:000CC588       AddMinMax
 0001:00005938       AddModuleUnloadProc
 0001:00005928       AddModuleUnloadProc
 0001:000A0C78       AddNegCurrencySymbol
 0001:0009FA74       AddNormalizedFractions
 0001:00025A38       AddNotFinished
 0001:000A0488       AddOneChar
 0001:000B9E68       AddParamSQLForDetail
 0001:000BEF48       AddQuoteCharToObjectName
 0001:000CD058       AddSQLExprAttr
 0001:000DDFC0       AddSQLExprAttr
 0001:0009E444       AddStrings
 0001:00126FC0       AddToHistogram
 0001:000B9D48       AddWhereClause
 0002:00001954       AdjustAmt
 0002:0000193C       AdjustAmt
 0002:0000194C       AdjustAmt
 0002:00001944       AdjustAmt
 0001:0002FF88       AdjustColor
 0001:00045EB8       AdjustColors
 0001:0009EEA0       AdjustDecimalPosition
 0001:000B7328       AdjustFirstRecord
 0001:0006914C       Adjustment
 0001:0009FDD0       AdjustNibbles
 0001:00006854       AdjustWindowRectEx
 0001:000DCFD4       AggValueAsVariant
 0001:000120F4       AL1
 0002:00000A50       AL1s
 0001:00012104       AL2
 0002:00000A60       AL2s
 0002:0000155C       Alignments
 0002:0000154C       Alignments
 0002:00001134       Alignments
 0002:00001254       Alignments
 0002:000011E8       Alignments
 0002:000011D8       Alignments
 0001:00070400       AlignWork
 0001:0005372C       AlignWork
 0001:0002BEF0       AllocateHWnd
 0001:0000799C       AllocateLargeBlock
 0002:00008940       AllocationGroupStack
 0002:000098E0       AllocationGroupStackTop
 0002:000030F8       AllocGranularity
 0001:0000C614       AllocMem
 0002:000065B4       AllocMemCount
 0002:000065B8       AllocMemSize
 0001:000078E4       AllocNewSequentialFeedMediumPool
 0001:00035608       AllocPatternBitmap
 0002:0000673C       AllocSize2SmallBlockTypeIndX4
 0001:000060D0       AllocTlsBuffer
 0001:00012170       ALR
 0001:0001211C       ALV
 0001:00028FB8       AncestorValid
 0002:00001338       AnchorAlign
 0002:0000132C       AnimateWindowProc
 0002:00001434       AnimationStyle
 0002:0000B8AC       AnsiCaseMap
 0002:00003B0C       AnsiCaseMapReady
 0002:0000BBAC       AnsiCharTypes
 0001:0000C840       AnsiCompareStr
 0001:0000C878       AnsiCompareText
 0001:0000CA90       AnsiExtractQuotedStr
 0001:0000D0B8       AnsiLastChar
 0001:0000685C       AnsiLower
 0001:0000C80C       AnsiLowerCase
 0001:00011764       AnsiLowerCaseFileName
 0001:0001172C       AnsiPos
 0001:0000C96C       AnsiQuotedStr
 0002:0000A830       AnsiReplacementCharacter
 0001:000498BC       AnsiReplaceText
 0001:00065658       AnsiSameCaption
 0001:0000C8B0       AnsiSameText
 0001:0000C8C8       AnsiStrLIComp
 0001:000117F0       AnsiStrPos
 0001:00011890       AnsiStrRScan
 0001:000118B8       AnsiStrScan
 0001:00005F2C       AnsiToUtf8
 0001:0000C7D8       AnsiUpperCase
 0001:0001960C       AnyOp
 0001:00018A38       AnyToIntf
 0002:0000A7A8       AppConfig
 0001:0000EDAC       AppendChars
 0001:00007510       AppendClassNameToBuffer
 0001:00008188       AppendEventLog
 0001:0000F170       AppendFormat
 0001:00007214       AppendModuleFileName
 0001:0000EE10       AppendNumber
 0001:0000EDF0       AppendString
 0001:000074F4       AppendStringToBuffer
 0001:0000723C       AppendStringToModuleName
 0001:000E2E98       AppEvnts
 0002:0000A5C0       Application
 0002:00000D48       ApplicationHandleException
 0002:00000D50       ApplicationShowException
 0002:0000169C       AppVisible
 0002:000017D4       Arrangements
 0002:00001914       ArrowKey
 0001:00010F20       AssertErrorHandler
 0002:00006024       AssertErrorProc
 0001:0001E714       AssignLongStr
 0001:0001ED90       AssignVariant
 0002:00001F54       Attr
 0002:00001F78       Attr
 0001:000AB294       AttributeSetStored
 0002:000017DC       AutoArrange
 0002:00006608       avail
 0002:00001F44       B
 0002:00004178       B64Table
 0001:0000D268       BackfillGetDiskFreeSpaceEx
 0001:00050B40       BackgroundClipped
 0001:00012FF0       BackupVarBoolFromStr
 0001:00013150       BackupVarBStrFromBool
 0001:00013070       BackupVarBStrFromCy
 0001:000130E0       BackupVarBStrFromDate
 0001:00012F84       BackupVarCyFromStr
 0001:00012F18       BackupVarDateFromStr
 0001:00012DD4       BackupVarI4FromStr
 0001:00012D80       BackupVariantChangeTypeEx
 0001:00012E40       BackupVarR4FromStr
 0001:00012EAC       BackupVarR8FromStr
 0002:00001BEC       BaseFieldTypes
 0002:00000B98       BaseTypeMap
 0001:000A0338       BcdAdd
 0001:0009FF4C       BcdCompare
 0001:000A1008       BcdCurrencyFormat
 0001:000A01B4       BcdDivide
 0001:000A02CC       BcdDivide
 0001:0009D538       BcdError
 0001:0009D4C8       BcdErrorFmt
 0001:000A09B8       BcdFixedOrNumberFormat
 0001:000A0954       BcdGeneralFormat
 0001:000A0148       BcdMultiply
 0001:000A0050       BcdMultiply
 0001:000A07AC       BcdScale
 0001:000A096C       BcdScientificFormat
 0001:000A0014       BcdSubtract
 0001:000A08A8       BCDToCurr
 0001:0009DF58       BcdToDouble
 0001:000A0668       BcdToStr
 0001:000A10F4       BcdToStrF
 0001:000113FC       Beep
 0001:00006864       BeginDeferWindowPos
 0001:00021C0C       BeginGlobalLoading
 0001:0000686C       BeginPaint
 0001:0002FF94       BetterSize
 0001:000457D4       BevelLine
 0001:000456E4       BevelRect
 0001:00061D2C       BiDiDraw
 0001:00007858       BinMediumSequentialFeedRemainder
 0001:0002A508       BinToHex
 0001:00112254       BitBlt
 0001:000065DC       BitBlt
 0002:000016F0       BitBtnCaptions
 0002:0000A5F0       BitBtnGlyphs
 0002:0000171C       BitBtnModalResults
 0002:000016C4       BitBtnResNames
 0002:000010DC       BitCounts
 0002:000010D4       BitmapCanvasList
 0002:0000A3D4       BitmapImageLock
 0001:00127B18       BitmapToMemory
 0001:0012773C       BitmapToMemoryStream
 0001:00012DBC       BiUnimplemented
 0001:0009ED3C       BlankArgument
 0001:0009B6C0       BlankStr
 0002:00001D0C       BlobTypeMap
 0002:00001DBC       BlobTypeMap
 0002:00000DF0       BlockCode
 0002:000065E0       blockDescBlockList
 0002:000065E4       blockDescFreeList
 0001:00008108       BlockFullDebugModeMMRoutines
 0001:000017E0       BlockSum
 0002:00000D0C       BooleanIdents
 0002:00000B94       BooleanToStringRule
 0002:00004158       BooleanValues
 0002:00001C1C       BoolFalse
 0001:0000CED4       BoolToStr
 0002:00003B14       BoolToStr
 0001:00017AF4       BoolToWStrViaOS
 0002:000015D8       BorderStyles
 0002:0000112C       BorderStyles
 0002:0000124C       BorderStyles
 0002:000017B4       BorderStyles
 0001:00020B20       Bounds
 0001:0000622C       Bounds
 0002:000014F4       Breaks
 0002:0000A40C       BrushManager
 0002:00004C40       BtnHintId
 0001:000A90F0       BuffersEqual
 0001:000B6A34       BufferToByteArray
 0001:000942E0       Build
 0001:00113668       BuildColorMap
 0001:00064468       BuildImage
 0001:001135C0       BuildPalette
 0002:000012D0       ButtonCaptions
 0002:0000174C       ButtonCount
 0002:000012A4       ButtonNames
 0002:00004B30       ButtonNames
 0001:00077158       Buttons
 0002:00001570       Buttons
 0002:00001860       ButtonStates
 0002:00001870       ButtonStyles
 0002:000011D0       ButtonStyles
 0002:0000A4D8       ButtonWidths
 0001:000B6AE8       ByteArrayToBuffer
 0001:0002F774       BytesPerScanline
 0001:00127460       BytesPerScanLine
 0001:0002FACC       ByteSwapColors
 0001:000114E0       ByteToCharIndex
 0001:000114B8       ByteToCharLen
 0001:0001147C       ByteType
 0001:00011404       ByteTypeTest
 0002:00003BC4       CachedIsWindows64
 0001:00096700       CalcAxis
 0001:00097428       CalcAxis
 0001:00096944       CalcAxisState
 0001:0009678C       CalcFixedAxis
 0001:0002BE2C       CalcJmpOffset
 0001:000968A0       CalcMaxCell
 0001:0009885C       CalcPageExtents
 0001:000A12B8       CalcPrecisionAndDigits
 0001:00098158       CalcScroll
 0001:000977C0       CalcScrollBar
 0001:0008AAC0       CalcSize
 0001:000984BC       CalcSizeInfo
 0001:0005B184       CalcSplitterPos
 0001:000B1048       CalcTotalSize
 0001:000AB2D4       CalculatedStored
 0001:000084A8       CalculateHeaderCheckSum
 0001:000BF688       CalcUnits
 0001:00006874       CallNextHookEx
 0001:000120B8       CallTerminateProcs
 0001:0000687C       CallWindowProc
 0001:0004EFBC       CancelDrag
 0001:000B8054       CancelNestedDataSets
 0001:0009ECCC       CanUseShort
 0002:0000A410       CanvasList
 0002:0000A578       CanvasList
 0002:0000127C       Captions
 0002:000013F0       CaptureControl
 0001:000948B4       CaretPos
 0002:0000AC84       CaseMapping
 0002:0000A884       Categories
 0002:00001D1C       CATID_MIDASAppServer
 0002:00001494       cBooleanToItemAutoFlag
 0002:00000C2C       CBooleanToRelationship
 0002:0000B484       CCCs
 0001:00006248       CenterPoint
 0001:00047990       CenterWindow
 0002:0000A506       CF_COMPONENT
 0002:0000C728       CF_JVGIF
 0002:0000A504       CF_PICTURE
 0002:0000A1FC       ChangeAnyProc
 0001:0004D574       ChangeBiDiModeAlignment
 0002:00001154       CharCases
 0002:00001184       CharCases
 0001:00003B30       CharFromWChar
 0001:0010E5BC       CharIsLower
 0001:0010E290       CharIsLower
 0001:0010E5D0       CharIsUpper
 0001:0010E2A4       CharIsUpper
 0001:000116B4       CharLength
 0001:00006884       CharLowerBuff
 0001:0000688C       CharLowerBuffA
 0001:0000034C       CharNext
 0001:00006894       CharNext
 0001:0002DE60       CharsetToIdent
 0001:000115C8       CharToByteIndex
 0001:0001162C       CharToByteLen
 0001:0000689C       CharUpperBuff
 0001:000068A4       CharUpperBuffA
 0001:0000948C       CheckBlockBeforeFreeOrRealloc
 0001:0000A7D0       CheckBlocksOnShutdown
 0001:0003055C       CheckBool
 0001:0000AF28       CheckCanInstallMemoryManager
 0001:000E9AE4       CheckCode
 0001:00081128       CheckCommonControl
 0001:000C8B34       CheckDbClient
 0001:00008494       CheckFillPattern
 0001:000092C0       CheckFreeBlockUnmodified
 0001:00002FFC       CheckJmp
 0001:000E19C4       CheckMasterSourceActive
 0001:000068AC       CheckMenuItem
 0001:000CE978       CheckMetaData
 0001:000B6F54       CheckNestedBrowseMode
 0001:000DA1DC       CheckNotChanged
 0001:000DADC4       CheckOption
 0002:000014E4       Checks
 0001:0000A678       CheckSmallBlockPoolForLeaks
 0001:0009D0B8       CheckSqlTimeStamp
 0001:0002A59C       CheckSynchronize
 0001:00068B88       CheckTaskWindow
 0001:0001A290       CheckType
 0001:00019698       CheckType
 0001:0004EC70       CheckUndock
 0001:000113DC       CheckWin32Version
 0002:00004150       cHexPrefix
 0001:000068B4       ChildWindowFromPoint
 0001:00043038       ChooseColor
 0002:00000BB0       CInvalidCustomVariantType
 0002:00001498       cItemAutoFlagToBoolean
 0002:00001490       cItemAutoFlagToMenu
 0001:0002C074       Classes
 0001:000215C8       ClassNotFound
 0002:0000A1F8       ClearAnyProc
 0001:0002D6F0       ClearColor
 0001:000A2E40       ClearExcepInfo
 0001:00126F7C       ClearHistogram
 0001:001124CC       ClearInfoList
 0001:0009B468       ClearItem
 0001:0001C5A8       ClearVariantTypeList
 0001:000068BC       ClientToScreen
 0001:00058728       ClientToWindow
 0001:000497AC       Clipboard
 0002:000010CC       ClipboardFormats
 0001:00049864       Clipbrd
 0001:000068C4       CloseClipboard
 0001:000CEB78       CloseDetailDatasets
 0001:000002EC       CloseHandle
 0001:00006314       CloseHandle
 0001:0001F0B0       CLSIDFromProgID
 0001:0001F0A8       CLSIDFromString
 0002:00001DCC       CLSID_DSBase
 0002:00001DDC       CLSID_DSCursor
 0002:00001DEC       CLSID_DSWriter
 0002:00000D28       CLSID_StdComponentCategoryMgr
 0002:00006040       CmdLine
 0002:0000603C       CmdShow
 0002:0000148C       cMenuAutoFlagToItem
 0002:00000C38       CmpTypeMap
 0001:00012DC8       CmpUnimplemented
 0002:000019CC       CoAddRefServerProcess
 0001:0001F098       CoCreateInstance
 0002:000019C4       CoCreateInstanceEx
 0001:0010DAC8       CodePageFromLocale
 0002:00001830       Codes
 0002:000017A4       Codes
 0002:000019DC       CoInitFlags
 0001:0001F088       CoInitialize
 0002:000019C8       CoInitializeEx
 0001:00021EC8       CollectionsEqual
 0002:000018A8       ColorIndex
 0001:0012CBA0       ColorItemTwiceInColorMap
 0002:00000E4C       Colors
 0001:0012AA88       ColorsToBits
 0001:0002DC58       ColorToIdent
 0001:0002DC48       ColorToRGB
 0002:00003C24       ColorValues
 0002:00001804       ColumnClicks
 0001:000065E4       CombineRgn
 0002:000018E8       ComboBoxExStyles
 0002:00001170       ComboBoxStyles
 0002:000018F4       ComboExStyles
 0002:0000A698       ComClassManagerVar
 0001:000A1D28       ComConst
 0002:0000A424       ComCtl32DLL
 0002:0000A648       ComCtlVersion
 0001:0008F7CC       ComCtrls
 0002:0000A5BC       CommandPool
 0001:00036454       CommCtrl
 0001:00043070       CommDlg
 0001:000007D8       Commit
 0002:00006624       committedRoot
 0001:000E4194       Common
 0001:000A3108       ComObj
 0001:0009FD0C       CompactBcd
 0001:0009E128       CompareDigits
 0001:0009464C       CompareExtents
 0001:0006052C       CompareFront
 0001:0000C740       CompareMem
 0001:0009FB2C       CompareNormalizedFractions
 0001:0000C710       CompareStr
 0001:0000631C       CompareString
 0001:00006324       CompareStringA
 0001:0000632C       CompareStringW
 0001:0000C760       CompareText
 0001:0010DB3C       CompareTextWin95
 0001:0010DC3C       CompareTextWinNT
 0001:0000CDFC       CompareWith
 0001:00026420       ComponentCreated
 0002:0000B88C       Compositions
 0001:0003032C       ComputeAldusChecksum
 0001:000CC4F4       ComputeInfoCount
 0001:00073E84       ComStrs
 0001:000DAD30       ConcatField
 0001:0002C3F0       Consts
 0001:00035DD8       Contnrs
 0002:0000A536       ControlAtom
 0002:0000A53C       ControlAtomString
 0001:0006DC50       ControlHasHelp
 0001:0005BE20       Controls
 0002:00004B7C       Conversions
 0002:00000D7C       Convert
 0002:00000D6C       Convert
 0001:000108E4       ConvertAddr
 0001:0012C950       ConvertBitsPerPixel
 0001:0000EF00       ConvertEraString
 0001:0000C590       ConvertError
 0001:0000C5A8       ConvertErrorFmt
 0001:000855D4       ConvertFlags
 0001:00085444       ConvertMask
 0001:000855F8       ConvertStates
 0001:0000F068       ConvertYearString
 0001:00005110       CopyArray
 0001:0003290C       CopyBitmap
 0001:00032FD4       CopyBitmapAsMask
 0001:000A0940       CopyByte
 0001:000065EC       CopyEnhMetaFile
 0001:000068CC       CopyIcon
 0001:000766E0       CopyImage
 0001:00076F78       CopyImage
 0001:00032F70       CopyPalette
 0002:000000BC       Copyright
 0001:00063514       CopyToBest
 0002:000019D0       CoReleaseServerProcess
 0002:000019D4       CoResumeClassObjects
 0002:000019D8       CoSuspendClassObjects
 0001:0001F0B8       CoTaskMemFree
 0001:0000C5D4       CoTaskMemFree
 0001:0001F090       CoUninitialize
 0001:00011538       CountChars
 0002:0000A3EC       CounterLock
 0001:0009B248       CountItem
 0002:00000BB4       CRangeToType
 0002:00004128       crDragAlt
 0001:000DD534       CreateAggsFromAggFields
 0001:00010E64       CreateAssertException
 0001:00010FEC       CreateAVObject
 0001:000065F4       CreateBitmap
 0001:000065FC       CreateBrushIndirect
 0001:00006604       CreateCompatibleBitmap
 0001:0000660C       CreateCompatibleDC
 0001:000264A0       CreateComponent
 0001:000C8D0C       CreateDbClientObject
 0001:0000661C       CreateDIBitmap
 0001:00006614       CreateDIBSection
 0001:0001F110       CreateErrorInfo
 0001:00006334       CreateEvent
 0001:0000633C       CreateFile
 0001:00006344       CreateFileA
 0001:000002F4       CreateFileA
 0001:0000634C       CreateFileMapping
 0001:00006624       CreateFontIndirect
 0001:0000662C       CreateHalftonePalette
 0001:00126F30       CreateHistogram
 0001:000068D4       CreateIcon
 0001:00010D90       CreateInOutError
 0001:000E5140       CreateMarkList
 0001:000068DC       CreateMenu
 0001:0004868C       CreateMessageDialog
 0001:001093E4       CreateMutex
 0001:000A2478       CreateOleObject
 0001:00006634       CreatePalette
 0001:000E179C       CreateParamsFromMasterFields
 0001:0000663C       CreatePenIndirect
 0001:000068E4       CreatePopupMenu
 0001:001120D8       CreateRealSizeIcon
 0001:00006644       CreateRectRgn
 0001:000A2318       CreateRegKey
 0001:000E5620       CreateScheduleList
 0001:0011220C       CreateScreenCompatibleDC
 0001:0000664C       CreateSolidBrush
 0001:0002FB24       CreateSystemPalette
 0001:00006354       CreateThread
 0001:00006EF0       CreateWindow
 0001:000068EC       CreateWindowEx
 0002:00001260       CreationControl
 0002:00001330       CreationControl
 0002:00000CF8       CRelationshipToBoolean
 0002:00000B78       CResult
 0002:0000412C       crMultiDragAlt
 0002:00004124       crMultiDragLink
 0002:00004130       crMultiDragLinkAlt
 0002:0000123C       CSHREDRAW
 0002:00000878       cSimpleBoolStrs
 0002:00000CA0       CText
 0002:000011C8       Ctl3DStyles
 0002:0000142C       Ctl3DStyles
 0002:000016BC       Ctl3DStyles
 0001:00094880       Ctrl
 0002:00000C9C       CTruth
 0002:0000661C       curAlloc
 0001:0001A354       CurrCompare
 0002:0000A070       CurrencyDecimals
 0002:0000A06C       CurrencyFormat
 0002:0000A068       CurrencyString
 0002:000098E4       CurrentAllocationNumber
 0001:0000ED98       CurrentYear
 0001:000A081C       CurrToBCD
 0001:0000E4C0       CurrToStr
 0001:0000E528       CurrToStrF
 0001:00017A8C       CurrToWStrViaOS
 0002:00001614       CursorMap
 0002:00001340       Cursors
 0001:0004D870       CursorToIdent
 0002:00001604       cUseAlpha
 0002:0000160C       cUseColorKey
 0002:0000189C       CustomizeStyles
 0002:00000A70       CVarTypeToElementInfo
 0002:000019B8       CWNear
 0002:000008B8       CWNear
 0002:00001244       Data
 0001:000A8FD4       DatabaseError
 0001:000A9080       DatabaseErrorFmt
 0001:000C9E0C       DataBkr
 0001:0010EC8C       DataError
 0001:000C8E18       DataPacketSize
 0001:000C8E34       DataPacketToVariant
 0001:000DC418       DataStored
 0002:00001DA0       DataTypeMap
 0002:00001CF0       DataTypeMap
 0001:00079290       DataTypeToRegData
 0001:0000EC94       Date
 0001:0001A32C       DateCompare
 0001:0001975C       DateOp
 0002:0000A071       DateSeparator
 0001:000B69EC       DateTimeToNative
 0001:0009CFE8       DateTimeToSQLTimeStamp
 0001:0000F98C       DateTimeToStr
 0001:0000F900       DateTimeToString
 0001:0000EBBC       DateTimeToSystemTime
 0001:0000E718       DateTimeToTimeStamp
 0001:00036414       DateTime_GetMonthCal
 0001:000363F8       DateTime_SetMonthCalColor
 0001:000363DC       DateTime_SetRange
 0001:000363C0       DateTime_SetSystemTime
 0001:0000F95C       DateToStr
 0001:00017AC0       DateToWStrViaOS
 0001:0009C034       DateUtils
 0002:00004094       Day
 0001:0009BFB4       DayOf
 0001:0009BFD8       DayOfTheWeek
 0001:0000EC6C       DayOfWeek
 0001:0009BF34       DaysInAMonth
 0001:000B8FD0       DB
 0002:0000A6BC       DBApplication
 0001:000E3114       DBChangePassword
 0001:000DF1D0       DBClient
 0002:00001DFC       DbClientHandle
 0001:000BD944       DBCommon
 0001:000BDBD4       DBConnAdmin
 0001:000E4DF4       DBConnect
 0001:000E415C       DBConnectForm
 0001:0009C2D4       DBConsts
 0001:00130B10       DBCtrls
 0001:00130BB0       DBGrids
 0001:000E02E8       DBLocal
 0001:000E1DE0       DBLocalS
 0001:00130314       DBLogDlg
 0001:00130864       DBPWDlg
 0002:0000A6B8       DBScreen
 0002:00001C30       DbxError
 0001:000B91B8       DBXpress
 0002:000008B4       DCon10
 0002:00000E48       DDBsOnly
 0001:0002BFA4       DeallocateHWnd
 0001:0000740C       DebugFillMem
 0001:00009530       DebugFreeMem
 0001:00009388       DebugGetMem
 0002:00000014       DebugHook
 0001:0000961C       DebugReallocMem
 0002:0000A06F       DecimalSeparator
 0001:0001BE88       DecIndices
 0001:0000EB9C       DecodeDate
 0001:0000EA50       DecodeDateFully
 0001:0000E8C0       DecodeTime
 0001:0000086C       Decommit
 0001:00000E88       DecommitFree
 0002:000065F8       decommittedRoot
 0002:0000B084       Decompositions
 0001:00128C2C       DecreaseBMPColors
 0001:00070FF4       Default
 0001:0006B9A4       Default
 0002:0000000C       Default8087CW
 0002:00001908       DefaultBlank
 0002:00001334       DefaultDockTreeClass
 0002:000019F4       DefaultFieldClasses
 0001:00083EA4       DefaultListViewSort
 0002:00004B10       DefaultMappingMethod
 0002:00000020       DefaultTextLineBreakStyle
 0002:0000109C       DefBrushData
 0002:00004B0C       DefCompanyName
 0001:0000690C       DeferWindowPos
 0002:00000E1C       DefFontData
 0001:000068F4       DefFrameProc
 0002:00000944       DefLongDayNames
 0002:000008F8       DefLongMonthNames
 0001:000068FC       DefMDIChildProc
 0002:0000107C       DefPenData
 0002:00000928       DefShortDayNames
 0002:000008C8       DefShortMonthNames
 0001:00006904       DefWindowProc
 0001:0000547C       DelayLoadResourceModule
 0001:00000528       DeleteBlock
 0001:0000635C       DeleteCriticalSection
 0001:00000498       DeleteCriticalSection
 0001:00006654       DeleteDC
 0001:0000665C       DeleteEnhMetaFile
 0001:00008158       DeleteEventLog
 0001:00006364       DeleteFileA
 0001:00000CD0       DeleteFree
 0001:00126FB0       DeleteHistogram
 0001:00006914       DeleteMenu
 0001:00006664       DeleteObject
 0001:000A23B0       DeleteRegKey
 0001:0003FC8C       DeleteSelectedText
 0001:001124A8       DeleteType
 0001:00007430       DelphiIsRunning
 0001:000324C8       DeselectBitmap
 0001:000C7078       DesignerDataStored
 0001:00125AF0       DestroyAppStoragePropertyEngineList
 0001:0000691C       DestroyCursor
 0001:00006924       DestroyIcon
 0001:00077088       DestroyLocals
 0001:0000692C       DestroyMenu
 0001:00006934       DestroyWindow
 0001:00007674       DetectClassInstance
 0001:0009AE04       Detector
 0001:0000A558       DetectStringData
 0001:0004AD24       DialogEnumerationTester
 0001:00047A44       DialogHook
 0002:00001268       DialogOptions
 0001:00049228       Dialogs
 0001:00127684       DIBFromBit
 0002:000010D8       DIBPalSizes
 0002:0000007C       dig
 0002:0000181C       Directions
 0001:000689DC       DisableTaskWindows
 0001:000A2854       DispatchInvoke
 0001:000A2E34       DispatchInvokeError
 0001:0000693C       DispatchMessage
 0001:0006EEB8       DispatchShortCut
 0001:000A2E50       DispCall
 0001:000A2F34       DispCallByID
 0002:00006000       DispCallByIDProc
 0001:000A2D60       DispCallError
 0001:000A90DC       DisposeMem
 0001:0009A998       DisposeStrItem
 0001:00126310       DivideMap
 0001:0000C574       DivMod
 0001:00047640       Dlgs
 0002:0000A704       DllGetClassObject
 0002:0000A6D8       DllHandle
 0002:0000A740       dmMain
 0001:000702B4       DoAlign
 0001:000535BC       DoAlign
 0001:000B60C8       DoBindFields
 0001:00096598       DoCalc
 0001:0005755C       DoCalcConstraints
 0001:00096600       DoCalcRightToLeft
 0001:00096D88       DoChange
 0002:0000A56C       DockSiteList
 0001:00064134       DoClick
 0001:0009571C       DoColWidths
 0001:00054C44       DoControlMsg
 0001:0006898C       DoDisableWindow
 0001:0004E59C       DoDragOver
 0001:0000C634       DoExitProc
 0001:00059458       DoFindControlZone
 0001:00068AC8       DoFindWindow
 0001:000599E4       DoFindZone
 0001:000594DC       DoForEach
 0001:0005ADE8       DoGetNextLimit
 0001:00068954       DoneApplication
 0001:000080F8       DoneChangingFullDebugModeBlock
 0001:0005BB48       DoneControls
 0001:00011318       DoneExceptions
 0001:0006D2AC       DoNestedActivation
 0001:000C7238       DontUseIndex
 0001:00070104       DoPosition
 0001:0005317C       DoPosition
 0001:0005A410       DoPrune
 0001:00044F64       DoRect
 0001:00095760       DoRowHeights
 0001:0005A8E8       DoSaveZone
 0001:0005AAEC       DoSetNewBounds
 0001:000951C4       DoSizeAdjust
 0002:000019BC       Dot
 0001:0004A278       DoTile
 0002:00000D14       DotSep
 0001:00098428       DoUpdate
 0002:0000187C       DownMessage
 0002:00001750       DownStyles
 0001:00031618       DoWrite
 0001:000234E4       DoWrite
 0001:000307B4       DoWrite
 0001:00128414       DoWrite
 0001:0005EC90       DoWrite
 0001:000542B4       DoWriteDesignSize
 0001:0002BBB0       DoWriteHeight
 0001:0002BB48       DoWriteHorizontalOffset
 0001:00051C40       DoWriteIsControl
 0001:0002BB7C       DoWriteVerticalOffset
 0001:0002BB20       DoWriteWidth
 0002:0000A550       DragCapture
 0002:0000A544       DragControl
 0001:0004ECE4       DragDone
 0001:0004E54C       DragFindTarget
 0001:0004E520       DragFindWindow
 0002:0000A568       DragImageList
 0001:0004E93C       DragInit
 0001:0004EAAC       DragInitControl
 0002:0000A54C       DragInternalObject
 0001:0004E480       DragMessage
 0002:0000A548       DragObject
 0002:0000A574       DragSave
 0002:0000A55C       DragSaveCursor
 0002:0000A554       DragStartPos
 0002:0000A560       DragThreshold
 0001:0004E66C       DragTo
 0001:00071030       DrawAppIcon
 0001:00095AF0       DrawAxisLines
 0002:00004B2C       DrawBitmap
 0001:00095D68       DrawCells
 0001:00059F7C       DrawCloseButton
 0001:00006944       DrawEdge
 0001:0000694C       DrawFocusRect
 0001:00006954       DrawFrameControl
 0001:00059FD4       DrawGrabberLine
 0001:0000695C       DrawIcon
 0001:00006964       DrawIconEx
 0002:00001468       DrawingStyles
 0001:00095CD8       DrawLines
 0001:0000696C       DrawMenuBar
 0001:00065474       DrawMenuItem
 0001:00112190       DrawRealSizeIcon
 0001:00006974       DrawText
 0001:000C8EEC       DSIntf
 0001:00111A14       DupBits
 0001:0002F5F4       DupBits
 0001:0001BE34       DynArrayBounds
 0001:00005128       DynArrayClear
 0001:0001BDAC       DynArrayDim
 0001:0001BD90       DynArrayElTypeInfo
 0001:0001C2B4       DynArrayFromVariant
 0001:0001BD50       DynArrayIndex
 0001:00005130       DynArraySetLength
 0001:0001BDC4       DynArraySize
 0001:0001BF94       DynArrayToVariant
 0001:0001BEF4       DynArrayVariantBounds
 0001:0001BF4C       DynArrayVarType
 0001:000D6294       EDBClient.Create
 0002:00001554       EdgeStyle
 0002:000011B8       EdgeStyles
 0002:0000141C       EdgeStyles
 0002:000017BC       EditStyles
 0001:000CB4C0       EDSWriter.Create
 0001:00010D64       EHeapException.FreeInstance
 0001:001092F8       EJclWin32Error.CreateRes
 0001:00112C38       EmitMessage
 0001:0000697C       EmptyClipboard
 0001:0001A194       EmptyCompare
 0001:00019B4C       EmptyOp
 0002:0000A1E4       EmptyParam
 0002:000007FC       EmptyStr
 0002:00000800       EmptyWideStr
 0001:00006984       EnableMenuItem
 0002:000014EC       Enables
 0001:0000698C       EnableScrollBar
 0001:00068A90       EnableTaskWindows
 0001:00006994       EnableWindow
 0001:0000EA20       EncodeDate
 0001:0000E880       EncodeTime
 0001:0000699C       EndDeferWindowPos
 0001:00021C94       EndGlobalLoading
 0001:000BBD08       EndOfLiteral
 0001:000069A4       EndPaint
 0001:00129ED4       EndWriteChunk
 0001:00000488       EnterCriticalSection
 0001:0000636C       EnterCriticalSection
 0001:00006374       EnumCalendarInfoA
 0001:000069AC       EnumClipboardFormats
 0002:0000A448       EnumDisplayMonitors
 0001:00010558       EnumEraNames
 0001:00010594       EnumEraYearOffsets
 0001:0006BEA0       EnumMonitorsProc
 0001:000069B4       EnumThreadWindows
 0001:000069BC       EnumWindows
 0001:000A2168       EOleException.Create
 0001:000A2098       EOleSysError.Create
 0001:000069C4       EqualRect
 0002:0000A138       EraNames
 0001:0000FC18       EraToYear
 0002:0000A154       EraYearOffsets
 0001:000D6314       EReconcileError.Create
 0002:00000074       errCaption
 0001:0006027C       Error
 0001:0002558C       Error
 0001:0002118C       Error
 0001:00001C4C       Error
 0001:000AAEFC       Error
 0002:00000004       ErrorAddr
 0001:00001C00       ErrorAt
 0001:00010E10       ErrorHandler
 0002:00000960       ErrorMap
 0002:00006008       ErrorProc
 0002:000063E8       ErrOutput
 0001:000A8F00       EUpdateError.Create
 0001:000A8FA4       EUpdateError.Destroy
 0002:00001B4C       Events
 0001:00001B94       ExceptAddr
 0002:0000600C       ExceptClsProc
 0001:00011284       ExceptHandler
 0001:00010B90       Exception.Create
 0001:00010BCC       Exception.CreateFmt
 0001:00010D1C       Exception.CreateHelp
 0001:00010C4C       Exception.CreateRes
 0001:00010C88       Exception.CreateResFmt
 0002:0000601C       ExceptionClass
 0001:000108F0       ExceptionErrorMessage
 0002:00000998       ExceptMap
 0001:00001B74       ExceptObject
 0002:00006010       ExceptObjProc
 0002:00006004       ExceptProc
 0001:0000666C       ExcludeClipRect
 0002:00000000       ExitCode
 0001:00003864       ExitDll
 0002:00006048       ExitProc
 0001:00000354       ExitProcess
 0002:00006028       ExitProcessProc
 0002:00000874       ExitProcList
 0001:0009AB68       ExpandDir
 0001:0000D22C       ExpandFileName
 0002:00008938       ExpectedMemoryLeaks
 0002:0000893C       ExpectedMemoryLeaksListLocked
 0001:00079B0C       ExtActns
 0001:00006674       ExtCreatePen
 0001:000475EC       ExtCtrls
 0001:000771B0       ExtDlgs
 0002:0000121C       ExtendSelects
 0002:00004C24       ExtLabels
 0001:000A9104       ExtractFieldName
 0001:0000D138       ExtractFileDir
 0001:0000D1E4       ExtractFileExt
 0001:00008168       ExtractFileName
 0001:0000D1AC       ExtractFileName
 0001:000A155C       ExtractLiterals
 0001:000A11B0       ExtractMoneySymbol
 0001:000C76CC       ExtractObjectName
 0002:00001E98       ExtraFieldProps
 0001:0000667C       ExtTextOut
 0002:0000A174       FalseBoolStrs
 0001:00007E4C       FastFreeMem
 0001:00007AC0       FastGetMem
 0001:0000B608       FastMM4
 0001:000070C4       FastMM4Messages
 0002:0000A058       FastMMIsInstalled
 0002:0000A50C       FClipboard
 0002:000008A8       FCon1E18
 0002:000019B4       FConst10
 0001:000C7B8C       FieldsInQuery
 0001:000F0CCC       FieldToVariant
 0002:00001D2C       FieldTypeMap
 0002:00001A8C       FieldTypeNames
 0001:0000D040       FileAge
 0001:0000D038       FileClose
 0001:0000CFA0       FileCreate
 0001:0000CF7C       FileCreate
 0001:0000D0A8       FileExists
 0002:000010D0       FileFormats
 0002:00000008       FileMode
 0001:00001F98       FileNOPProc
 0001:0000CF20       FileOpen
 0001:0000CFA8       FileRead
 0002:00000D60       FilerSignature
 0001:0000D000       FileSeek
 0001:0000637C       FileTimeToDosDateTime
 0001:00006384       FileTimeToLocalFileTime
 0001:0000CFD4       FileWrite
 0001:00000DB8       FillAfterGap
 0001:00000D64       FillBeforeGap
 0001:0012B7BC       FillColorTable
 0001:00095A9C       FillDWord
 0001:00000E50       FillerSizeAfterGap
 0001:00000DE0       FillerSizeBeforeGap
 0001:000069CC       FillRect
 0001:0012AFA8       FillRGBPalette
 0002:00001758       FillStyles
 0001:00037CB4       Finalization
 0001:000ED614       Finalization
 0001:001125BC       Finalization
 0001:000E412C       Finalization
 0001:00137040       Finalization
 0001:0007B5D4       Finalization
 0001:00037CEC       Finalization
 0001:000EE850       Finalization
 0001:000EF194       Finalization
 0001:00112400       Finalization
 0001:00132524       Finalization
 0001:00112380       Finalization
 0001:000F25C8       Finalization
 0001:00005FD4       Finalization
 0001:000FBDEC       Finalization
 0001:000FE72C       Finalization
 0001:000136C8       Finalization
 0001:00112280       Finalization
 0001:0002C3C0       Finalization
 0001:0009BEFC       Finalization
 0001:0000B61C       Finalization
 0001:001002F4       Finalization
 0001:00077180       Finalization
 0001:00100690       Finalization
 0001:00102664       Finalization
 0001:00038010       Finalization
 0001:000C8A6C       Finalization
 0001:00106A08       Finalization
 0001:00042F90       Finalization
 0001:00125A70       Finalization
 0001:000A1C78       Finalization
 0001:00079A64       Finalization
 0001:000C895C       Finalization
 0001:00042F58       Finalization
 0001:000C8530       Finalization
 0001:00130B80       Finalization
 0001:0001F124       Finalization
 0001:00073DD4       Finalization
 0001:00108B1C       Finalization
 0001:001259DC       Finalization
 0001:001289C8       Finalization
 0001:001340A4       Finalization
 0001:001117C8       Finalization
 0001:00108CB0       Finalization
 0001:0002BFCC       Finalization
 0001:000BDBA4       Finalization
 0001:00111728       Finalization
 0001:000BDAB4       Finalization
 0001:0004996C       Finalization
 0001:0001EFF4       Finalization
 0001:00110C28       Finalization
 0001:0012ECD0       Finalization
 0001:00109088       Finalization
 0001:001108D0       Finalization
 0001:000A1CF8       Finalization
 0001:00042F20       Finalization
 0001:00109210       Finalization
 0001:00049828       Finalization
 0001:00109250       Finalization
 0001:001101CC       Finalization
 0001:00035640       Finalization
 0001:00035844       Finalization
 0001:0000B5C8       Finalization
 0001:001093F4       Finalization
 0001:0010942C       Finalization
 0001:000BD914       Finalization
 0001:00036BE4       Finalization
 0001:0010FC48       Finalization
 0001:0001D6D0       Finalization
 0001:0009C2A4       Finalization
 0001:0001D2F8       Finalization
 0001:0010F850       Finalization
 0001:00109464       Finalization
 0001:0010AA80       Finalization
 0001:00130ACC       Finalization
 0001:0010AAD0       Finalization
 0001:0010AB30       Finalization
 0001:00077120       Finalization
 0001:0010AB7C       Finalization
 0001:0010DCB4       Finalization
 0001:0010ABBC       Finalization
 0001:00036BA4       Finalization
 0001:0010AC04       Finalization
 0001:0010AC3C       Finalization
 0001:001256FC       Finalization
 0001:0010AC74       Finalization
 0001:0012A734       Finalization
 0001:000B9188       Finalization
 0001:000B8F74       Finalization
 0001:0005F318       Finalization
 0001:0010E604       Finalization
 0001:00036424       Finalization
 0001:00134420       Finalization
 0001:000491CC       Finalization
 0001:000061B8       Finalization
 0001:0005D834       Finalization
 0001:0012FB7C       Finalization
 0001:0010E2C0       Finalization
 0001:00007094       Finalization
 0001:00073E54       Finalization
 0001:0012FC0C       Finalization
 0001:00042EE8       Finalization
 0001:0000705C       Finalization
 0001:0010E1A0       Finalization
 0001:00130828       Finalization
 0001:0010E168       Finalization
 0001:0009D1C4       Finalization
 0001:0000701C       Finalization
 0001:00035DA8       Finalization
 0001:0010E118       Finalization
 0001:00079ABC       Finalization
 0001:0010BC68       Finalization
 0001:0010DED0       Finalization
 0001:001302E4       Finalization
 0001:0010DE98       Finalization
 0001:0009C004       Finalization
 0001:0005BDB8       Finalization
 0001:0010DE54       Finalization
 0001:000A3088       Finalization
 0001:0010DE1C       Finalization
 0001:00112618       Finalization
 0001:00037C6C       Finalization
 0001:00112678       Finalization
 0001:0008F754       Finalization
 0001:0000B9AC       Finalization
 0001:000C8E9C       Finalization
 0001:000EB7D8       Finalization
[...]
   541 0001:00108454   543 0001:0010845A   545 0001:00108460   547 0001:00108466
   549 0001:0010846C   551 0001:00108472   553 0001:00108476   558 0001:00108478
   559 0001:0010849F   560 0001:001084AA   563 0001:001084EF   564 0001:001084FA
   565 0001:00108505   567 0001:00108518   568 0001:00108523   569 0001:00108530
   571 0001:00108542   572 0001:0010854D   573 0001:0010855D   575 0001:00108572
   576 0001:0010857D   577 0001:0010858D   580 0001:001085A2   581 0001:001085AD
   584 0001:001085BB   586 0001:001085C8   587 0001:001085CC   588 0001:001085DB
   589 0001:001085E6   590 0001:00108610   595 0001:00108618   598 0001:00108637
   599 0001:00108642   602 0001:00108686   603 0001:00108691   604 0001:0010869C
   606 0001:001086AC   607 0001:001086B7   608 0001:001086C4   610 0001:001086D3
   611 0001:001086DE   612 0001:001086EE   614 0001:00108700   615 0001:0010870B
   616 0001:0010871B   619 0001:0010872D   620 0001:00108738   623 0001:00108743
   625 0001:00108750   626 0001:0010875B   627 0001:00108785   633 0001:0010878C
   634 0001:001087AF   635 0001:001087CB   636 0001:001087F1   637 0001:001087FE
   639 0001:00108812   640 0001:0010881F   643 0001:00108834   647 0001:00108858
   648 0001:0010886C   649 0001:0010887F   652 0001:001088A0   654 0001:001088A4
   655 0001:001088B7   656 0001:001088C1   658 0001:001088D6   659 0001:0010890B
   662 0001:00108918   663 0001:0010891B   664 0001:0010892C   665 0001:00108938
   666 0001:00108945   667 0001:00108952   670 0001:00108954   671 0001:00108957
   672 0001:00108968   673 0001:00108974   674 0001:00108981   675 0001:0010898E
   678 0001:00108990   679 0001:00108993   680 0001:001089A4   681 0001:001089B0
   682 0001:001089BD   683 0001:001089CA   686 0001:001089CC   687 0001:001089CF
   688 0001:001089E0   689 0001:001089EC   690 0001:001089F9   691 0001:00108A06
   694 0001:00108A08   695 0001:00108A0B   696 0001:00108A1C   697 0001:00108A28
   698 0001:00108A35   699 0001:00108A42   702 0001:00108A44   703 0001:00108A47
   704 0001:00108A58   705 0001:00108A62   706 0001:00108A6F   707 0001:00108A7C
   710 0001:00108A80   711 0001:00108A83   712 0001:00108A8F   713 0001:00108A96
   715 0001:00108AA1   716 0001:00108AAD   717 0001:00108AB4   719 0001:00108ABF
   720 0001:00108ACB   721 0001:00108AD2   723 0001:00108ADD   724 0001:00108AE9
   725 0001:00108AF0   727 0001:00108AFB   728 0001:00108B07   729 0001:00108B0E
   731 0001:00108B17   733 0001:00108B4C   733 0001:00108B53

Line numbers for uCalculateSchedule(uCalculateSchedule.pas) segment .text

    53 0001:0012F0A4    54 0001:0012F0C7    55 0001:0012F0E8    56 0001:0012F0F9
    58 0001:0012F15C    59 0001:0012F167    60 0001:0012F177    61 0001:0012F17E
    58 0001:0012F17F    62 0001:0012F182    64 0001:0012F193    69 0001:0012F224
    71 0001:0012F287    73 0001:0012F28E    89 0001:0012F322    90 0001:0012F334
    91 0001:0012F37A    96 0001:0012F504    97 0001:0012F534    99 0001:0012F53D
   100 0001:0012F546   102 0001:0012F56A   103 0001:0012F584   102 0001:0012F5AC
   104 0001:0012F5AF   105 0001:0012F5C5   106 0001:0012F5D5   107 0001:0012F62D
   111 0001:0012F678   112 0001:0012F67D   117 0001:0012F680   118 0001:0012F686
   119 0001:0012F6A3   120 0001:0012F6D3   121 0001:0012F6E2   124 0001:0012F6E8
   125 0001:0012F709   126 0001:0012F71F   127 0001:0012F730   129 0001:0012F7A4
   132 0001:0012F7B9   133 0001:0012F7CA   135 0001:0012F85C   137 0001:0012F8B3
   140 0001:0012F980   141 0001:0012F983   142 0001:0012F9A1   143 0001:0012F9B9
   144 0001:0012F9D1   147 0001:0012F9D4   148 0001:0012F9D7   149 0001:0012F9FC
   151 0001:0012FA46   153 0001:0012FA58   155 0001:0012FA6A   157 0001:0012FA7C
   159 0001:0012FA8E   161 0001:0012FAA0   163 0001:0012FAB2   165 0001:0012FAC2
   168 0001:0012FB3C   169 0001:0012FB40   170 0001:0012FB77   172 0001:0012FBAC
   172 0001:0012FBB3

Line numbers for uDeptSchedule(uDeptSchedule.pas) segment .text

    69 0001:00130F54    70 0001:00130F57    71 0001:00130F5E    72 0001:00130F68
    78 0001:00130F6C    79 0001:00130FC6    80 0001:00130FD2    81 0001:00130FE4
    82 0001:00130FFC    83 0001:00131006    84 0001:0013104E    87 0001:00131072
    88 0001:0013107A    89 0001:0013108B    91 0001:001310A5    92 0001:001310BF
    93 0001:001310C9    94 0001:00131111    97 0001:00131135    98 0001:0013113F
    99 0001:00131168   101 0001:00131182   102 0001:0013119C   103 0001:001311AA
   105 0001:001311B9   106 0001:001311C6   107 0001:001311D0   108 0001:00131218
   111 0001:00131239   112 0001:00131259   113 0001:00131266   143 0001:00131295
   148 0001:001312B0   149 0001:001312B3   155 0001:001312B4   156 0001:001312D6
   157 0001:001312E5   158 0001:001312EE   159 0001:00131311   161 0001:0013138B
   162 0001:0013140A   163 0001:0013141B   164 0001:0013142F   165 0001:0013143F
   166 0001:00131446   167 0001:00131454   170 0001:00131467   172 0001:001314E1
   173 0001:00131565   174 0001:00131576   175 0001:0013158A   176 0001:0013159A
   177 0001:001315A1   178 0001:001315AF   180 0001:001315E7   190 0001:001317F8
   191 0001:0013181A   192 0001:00131827   214 0001:00131834   215 0001:00131844
   216 0001:00131855   217 0001:0013186B   218 0001:0013187B   219 0001:00131888
   220 0001:00131895   221 0001:001318A2   222 0001:001318A9   224 0001:001318C0
   225 0001:001318DF   226 0001:001318FA   227 0001:00131935   228 0001:00131972
   232 0001:0013198A   233 0001:00131998   234 0001:001319B0   235 0001:001319D6
   237 0001:00131A01   238 0001:00131A04   223 0001:00131A0F   241 0001:00131A22
   242 0001:00131A40   243 0001:00131A5E   244 0001:00131A7C   246 0001:00131A8C
   248 0001:00131A9C   250 0001:00131AB1   251 0001:00131B04   249 0001:00131B0F
   253 0001:00131B1E   254 0001:00131B2E   255 0001:00131B68   256 0001:00131BA2
   257 0001:00131BDC   259 0001:00131C16   260 0001:00131C26   261 0001:00131C37
   262 0001:00131C50   263 0001:00131C64   264 0001:00131C7D   265 0001:00131C91
   266 0001:00131C96   268 0001:00131CB6   269 0001:00131CCB   270 0001:00131CF0
   271 0001:00131D4A   268 0001:00131D4B   273 0001:00131D52   276 0001:00131D5A
   277 0001:00131D6F   278 0001:00131D99   282 0001:00131D9D   284 0001:00131DF4
   276 0001:00131DF5   286 0001:00131DFC   287 0001:00131E19   289 0001:00131E54
   290 0001:00131E57   275 0001:00131E62   293 0001:00131E75   294 0001:00131E8A
   295 0001:00131E9E   294 0001:00131EC4   295 0001:00131EC9   293 0001:00131ECC
   297 0001:00131ECF   298 0001:00131EE0   297 0001:00131F02   300 0001:00131F05
   301 0001:00131F15   304 0001:00131F6A   308 0001:001323E0   310 0001:001323E3
   311 0001:001323F5   313 0001:00132400   317 0001:00132404   319 0001:00132407
   320 0001:00132419   322 0001:00132424   326 0001:00132428   327 0001:0013243B
   330 0001:0013244C   331 0001:00132452   332 0001:00132458   333 0001:0013246C
   334 0001:00132472   336 0001:0013247D   341 0001:00132488   342 0001:0013249B
   345 0001:001324B2   346 0001:001324B8   347 0001:001324BE   348 0001:001324D2
   349 0001:001324D8   351 0001:001324E3   357 0001:001324EC   358 0001:001324F0
   359 0001:001324FA   360 0001:00132509   359 0001:0013251C   361 0001:00132521
   363 0001:00132554   363 0001:0013255B

Line numbers for uCalculateScheduleAsCopy(uCalculateScheduleAsCopy.pas) segment .text

    70 0001:001329C8    71 0001:00132A03    72 0001:00132A16    73 0001:00132A31
    74 0001:00132A4C    75 0001:00132A5F    76 0001:00132A6B    77 0001:00132A78
    78 0001:00132A85    80 0001:00132A91    81 0001:00132A9F    82 0001:00132AC9
    83 0001:00132AD5    84 0001:00132B15    86 0001:00132B27    87 0001:00132B2C
    79 0001:00132B3A    89 0001:00132B50    90 0001:00132B5C    92 0001:00132B98
    97 0001:00132BEC    98 0001:00132BF1    99 0001:00132C03    98 0001:00132C26
   100 0001:00132C29   102 0001:00132C43   103 0001:00132C58   104 0001:00132C7D
   105 0001:00132C97   106 0001:00132CB5   112 0001:00132CBC   114 0001:00132CDC
   115 0001:00132D03   116 0001:00132D11   117 0001:00132D28   116 0001:00132D4D
   119 0001:00132D50   120 0001:00132D5C   122 0001:00132D87   123 0001:00132D95
   125 0001:00132DB4   126 0001:00132DF4   133 0001:00132DFC   134 0001:00132E1F
   135 0001:00132E48   136 0001:00132E59   137 0001:00132E6B   136 0001:00132EB3
   139 0001:00132EB8   140 0001:00132EC0   141 0001:00132ECE   142 0001:00132EE1
   144 0001:00132F00   146 0001:00132F4D   149 0001:00132F60   150 0001:00132F7C
   151 0001:00132F8A   153 0001:00132FE5   154 0001:00133017   160 0001:00133020
   161 0001:0013303D   162 0001:0013304B   163 0001:00133087   164 0001:001330C3
   165 0001:00133106   162 0001:00133109   166 0001:0013313F   169 0001:0013316C
   170 0001:00133183   171 0001:001331AD   172 0001:001331BA   173 0001:001331E5
   176 0001:001331EC   177 0001:00133203   178 0001:0013322D   179 0001:0013323A
   180 0001:00133265   186 0001:0013326C   187 0001:0013327C   189 0001:0013328D
   190 0001:001332A0   191 0001:001332AC   192 0001:001332AF   193 0001:001332B5
   194 0001:001332B8   195 0001:001332C9   196 0001:001332DA   197 0001:001332EB
   198 0001:001332FC   199 0001:00133309   202 0001:00133317   203 0001:0013331D
   212 0001:00133328   213 0001:0013334B   214 0001:00133364   215 0001:00133383
   216 0001:0013338D   217 0001:0013339D   218 0001:001333B0   219 0001:001333B5
   213 0001:001333B6   221 0001:001333B9   224 0001:00133490   225 0001:001334C2
   226 0001:001334E9   228 0001:00133548   229 0001:0013354F   230 0001:00133562
   231 0001:0013356C   232 0001:001335C2   235 0001:00133600   236 0001:0013365C
   238 0001:001336A1   239 0001:001336B4   240 0001:001336F7   241 0001:00133721
   242 0001:00133726   241 0001:0013377A   243 0001:0013377F   245 0001:001337D4
   246 0001:001337EB   247 0001:001337F2   248 0001:001337F7   249 0001:00133809
   250 0001:00133817   251 0001:00133829   252 0001:0013383B   254 0001:0013385C
   257 0001:00133873   228 0001:00133876   258 0001:00133880   259 0001:0013388A
   260 0001:0013389F   261 0001:0013395F   267 0001:00133CB4   268 0001:00133CE2
   269 0001:00133CEF   270 0001:00133D04   271 0001:00133D3A   272 0001:00133D66
   273 0001:00133D68   269 0001:00133D69   274 0001:00133D96   278 0001:00133DAC
   279 0001:00133DB1   284 0001:00133DB4   285 0001:00133DCE   286 0001:00133DEA
   287 0001:00133DF8   288 0001:00133E09   289 0001:00133E15   290 0001:00133E24
   291 0001:00133E41   292 0001:00133E7B   293 0001:00133ED1   294 0001:00133EE3
   297 0001:00133EF7   299 0001:00133F40   302 0001:00134004   303 0001:0013401C
   304 0001:00134030   305 0001:0013403E   308 0001:0013404D   309 0001:00134061
   310 0001:0013406F   312 0001:0013409E   314 0001:001340D4   314 0001:001340DB

Line numbers for VersionInfo(..\Common Files\VersionInfo.pas) segment .text

    58 0001:0013422C    59 0001:0013423E    60 0001:00134247    61 0001:00134265
    74 0001:00134268    75 0001:0013426E    76 0001:00134278    84 0001:0013427C
    85 0001:00134282    86 0001:0013428C    99 0001:00134290   100 0001:00134296
   101 0001:001342A0   109 0001:001342A4   110 0001:001342AA   111 0001:001342B4
   114 0001:001342B8   115 0001:001342C1   116 0001:001342D9   124 0001:001342E0
   125 0001:00134304   126 0001:00134313   127 0001:0013432A   128 0001:00134334
   129 0001:0013433E   130 0001:0013434B   131 0001:0013434D   132 0001:0013435C
   133 0001:00134377   134 0001:001343A2   135 0001:001343B8   130 0001:001343B9
   136 0001:001343BE   138 0001:001343F2   140 0001:00134450   140 0001:00134457

Line numbers for AboutForm(..\Common Files\AboutForm.pas) segment .text

    58 0001:001346E8    59 0001:00134703    60 0001:0013470C    61 0001:00134715
    62 0001:0013471C    64 0001:00134729    65 0001:00134737    66 0001:0013474F
    67 0001:00134767    68 0001:0013477F    69 0001:001347B9    77 0001:001347C0
    78 0001:001347C3    80 0001:001347D4    81 0001:001347EA    83 0001:00134807
    86 0001:00134816    87 0001:00134820    88 0001:00134828    89 0001:0013482C
    91 0001:00134844    94 0001:0013484F    95 0001:0013485C    99 0001:00134863
   102 0001:00134868   104 0001:0013486E   105 0001:00134877   106 0001:0013487E
   107 0001:00134887   108 0001:00134894   111 0001:0013489A   113 0001:0013489D
   115 0001:001348D0   115 0001:001348D7

Line numbers for uMain(uMain.pas) segment .text

   129 0001:00135218   130 0001:0013521B   131 0001:00135237   132 0001:00135245
   135 0001:00135254   137 0001:00135277   139 0001:0013528B   143 0001:001352A4
   144 0001:001352A9   151 0001:001352AC   152 0001:001352BA   153 0001:001352CD
   154 0001:001352E3   155 0001:00135311   156 0001:00135342   157 0001:0013535C
   158 0001:00135363   160 0001:0013536F   161 0001:00135382   162 0001:00135386
   163 0001:001353AC   164 0001:001353D3   165 0001:001353E9   166 0001:0013541F
   167 0001:00135450   168 0001:0013546A   169 0001:00135471   170 0001:00135478
   171 0001:0013547C   162 0001:0013547D   172 0001:00135484   173 0001:0013548E
   174 0001:001354A4   175 0001:001354D2   176 0001:00135503   177 0001:0013551D
   178 0001:00135524   182 0001:0013552D   183 0001:00135543   184 0001:0013554A
   186 0001:00135551   187 0001:0013555F   188 0001:00135580   189 0001:00135589
   191 0001:00135595   192 0001:001355BD   193 0001:001355D8   194 0001:001355FA
   196 0001:00135606   197 0001:0013560F   200 0001:0013562A   201 0001:0013562F
   204 0001:0013566C   222 0001:00135682   223 0001:00135695   224 0001:001356A9
   225 0001:001356DE   226 0001:00135712   229 0001:00135728   230 0001:0013572B
   231 0001:00135747   232 0001:00135755   233 0001:00135763   234 0001:00135782
   235 0001:0013578E   237 0001:001357AA   239 0001:001357BE   242 0001:001357C0
   243 0001:001357C3   244 0001:001357DF   245 0001:001357ED   246 0001:001357FB
   248 0001:00135817   250 0001:0013582B   253 0001:00135830   254 0001:00135833
   255 0001:0013584F   256 0001:0013585D   257 0001:0013586B   258 0001:0013588A
   259 0001:00135896   261 0001:001358B2   263 0001:001358C6   266 0001:001358C8
   279 0001:001358CB   280 0001:001358E7   282 0001:001358F5   285 0001:0013590E
   286 0001:00135916   289 0001:00135918   290 0001:0013591F   291 0001:0013593B
   292 0001:00135949   293 0001:0013597A   296 0001:00135988   298 0001:001359A4
   300 0001:001359B8   303 0001:001359BC   304 0001:001359C2   305 0001:001359D0
   306 0001:001359DC   307 0001:001359EC   309 0001:00135A09   310 0001:00135A25
   312 0001:00135A36   317 0001:00135A3C   319 0001:00135A43   320 0001:00135A56
   321 0001:00135A6F   322 0001:00135A79   324 0001:00135A7E   325 0001:00135AC3
   326 0001:00135AED   327 0001:00135B04   330 0001:00135B18   331 0001:00135B2B
   332 0001:00135B51   333 0001:00135B78   335 0001:00135BC5   336 0001:00135BEF
   337 0001:00135C06   338 0001:00135C15   331 0001:00135C16   341 0001:00135C22
   343 0001:00135C35   344 0001:00135C67   345 0001:00135C91   346 0001:00135CA8
   350 0001:00135CB7   353 0001:00135D6C   354 0001:00135D9D   355 0001:00135DAC
   356 0001:00135DE1   360 0001:00135DE6   365 0001:00135E19   366 0001:00135EA7
   371 0001:00135F34   376 0001:00135F38   377 0001:00135F43   378 0001:00135F4D
   380 0001:00135FB3   381 0001:00135FBC   384 0001:00135FC4   385 0001:00135FF6
   386 0001:0013600A   387 0001:0013601F   389 0001:00136083   390 0001:001360B9
   393 0001:00136138   394 0001:00136143   395 0001:00136148   396 0001:00136156
   398 0001:0013615E   399 0001:0013616D   402 0001:00136174   403 0001:00136177
   404 0001:00136193   405 0001:001361A1   408 0001:001361BA   409 0001:001361C2
   412 0001:001361C4   413 0001:001361C7   414 0001:001361D8   415 0001:001361E9
   418 0001:001361EC   419 0001:001361EF   420 0001:00136200   421 0001:00136212
   425 0001:00136214   426 0001:0013621D   427 0001:00136227   430 0001:0013626C
   431 0001:0013626F   433 0001:0013628B   434 0001:00136299   436 0001:001362B5
   438 0001:001362C9   443 0001:001362CC   469 0001:001362E8   471 0001:00136312
   473 0001:0013632E   474 0001:0013635F   475 0001:0013637E   476 0001:00136391
   477 0001:001363A0   478 0001:001363CE   484 0001:001363D8   485 0001:001363F5
   486 0001:00136404   487 0001:00136413   488 0001:0013643A   489 0001:0013647A
   490 0001:0013648F   491 0001:001364C1   492 0001:001364CF   493 0001:001364E3
   495 0001:00136520   496 0001:00136522   499 0001:0013654C   500 0001:00136576
   503 0001:001366A0   504 0001:001366A3   505 0001:001366B9   506 0001:001366C7
   508 0001:001366E3   510 0001:001366F5   513 0001:001366F8   514 0001:001366FE
   515 0001:00136707   516 0001:00136710   522 0001:00136714   523 0001:00136720
   524 0001:00136724   525 0001:0013673E   526 0001:0013675C   527 0001:0013676A
   528 0001:0013677F   529 0001:00136783   531 0001:0013679A   524 0001:001367A2
   533 0001:001367A7   534 0001:001367B1   536 0001:001367CA   537 0001:001367E8
   538 0001:00136822   539 0001:00136830   541 0001:00136851   542 0001:00136856
   536 0001:00136859   543 0001:0013685E   548 0001:001368AC   549 0001:001368B7
   550 0001:001368BA   551 0001:001368D4   552 0001:001368F2   553 0001:001368F5
   554 0001:001368F7   550 0001:001368FA   556 0001:001368FF   557 0001:0013690E
   558 0001:00136913   560 0001:0013692B   561 0001:00136949   562 0001:00136983
   563 0001:00136991   565 0001:001369B2   566 0001:001369B7   560 0001:001369BA
   566 0001:001369BF   569 0001:00136A0C   570 0001:00136A16   571 0001:00136A32
   572 0001:00136A40   573 0001:00136A4E   574 0001:00136A92   575 0001:00136AC8
   576 0001:00136AD4   578 0001:00136AE8   579 0001:00136AF6   580 0001:00136B04
   582 0001:00136B20   584 0001:00136B2E   585 0001:00136B3E   587 0001:00136B5C
   588 0001:00136B61   589 0001:00136B73   591 0001:00136B87   594 0001:00136B90
   595 0001:00136B97   596 0001:00136BB3   598 0001:00136C07   599 0001:00136C15
   600 0001:00136C23   602 0001:00136C3F   604 0001:00136C53   607 0001:00136C58
   608 0001:00136C5E   609 0001:00136C7A   611 0001:00136CD4   612 0001:00136CE2
   613 0001:00136CF0   615 0001:00136D0C   617 0001:00136D20   620 0001:00136D24
   621 0001:00136D48   622 0001:00136D58   624 0001:00136D64   625 0001:00136D7A
   626 0001:00136D8B   627 0001:00136D9F   628 0001:00136DAD   629 0001:00136DBB
   630 0001:00136DCA   631 0001:00136DDA   632 0001:00136DEF   634 0001:00136E00
   635 0001:00136E27   633 0001:00136E31   637 0001:00136E3F   638 0001:00136E4E
   639 0001:00136E5A   640 0001:00136E83   641 0001:00136E97   642 0001:00136EAE
   643 0001:00136EBD   645 0001:00136ED9   646 0001:00136EE5   647 0001:00136EF3
   649 0001:00136F24   651 0001:00137000   651 0001:00137007

Line numbers for uTestSchedule(uTestSchedule.pas) segment .text

    34 0001:00137038    34 0001:0013703F

Line numbers for Shift4(D:\DATA\DELPHI\Shift 4\Shift4.dpr) segment .text

    34 0001:00137590    35 0001:001375A0    36 0001:001375AC    37 0001:001375BD
    38 0001:001375D5    39 0001:001375E2    40 0001:001375FA    42 0001:00137606

Bound resource files

c:\programs\borland\delphi6\Lib\CONTROLS.RES
c:\programs\borland\delphi6\Lib\BUTTONS.RES
c:\programs\borland\delphi6\Lib\EXTDLGS.RES
D:\DATA\DELPHI\Common Files\DBChangePassword.dfm
D:\DATA\DELPHI\Common Files\DBConnectForm.dfm
udmMain.dfm
uChangeCurYear.dfm
uGetCode.dfm
uMarkInfo.dfm
uFrameSchedule.dfm
uMarkList.dfm
uChangeMark.dfm
uPrintSchedule.dfm
uSchedule.dfm
c:\programs\borland\delphi6\Lib\SPIN.RES
uScheduleInfo.dfm
uHoliday.dfm
uNewSchedule.dfm
uScheduleList.dfm
C:\Programs\Borland\Delphi6\Jedi\jcl\lib\d6\JclUnicode.res
C:\Programs\Borland\Delphi6\Jedi\jvcl\Resources\JvConsts.res
uCalculateSchedule.dfm
c:\programs\borland\delphi6\Lib\DBLogDlg.dfm
c:\programs\borland\delphi6\Lib\DBPWDlg.dfm
c:\programs\borland\delphi6\Lib\DBCTRLS.RES
c:\programs\borland\delphi6\Lib\DBGRIDS.RES
uDeptSchedule.dfm
uCalculateScheduleAsCopy.dfm
D:\DATA\DELPHI\Common Files\AboutForm.dfm
uMain.dfm
uTestSchedule.dfm
Shift4.res
Shift4.drf


Program entry point at 0001:00137590
